2026-02-27T17:27:17.438325+00:00 srv-web-01 systemd[1]: Listening on syslog.socket - Syslog Socket.
2026-02-27T17:27:17.439519+00:00 srv-web-01 systemd[1]: Starting rsyslog.service - System Logging Service...
2026-02-27T17:27:17.439447+00:00 srv-web-01 rsyslogd: imuxsock: Acquired UNIX socket '/run/systemd/journal/syslog' (fd 3) from systemd.  [v8.2312.0]
2026-02-27T17:27:17.439412+00:00 srv-web-01 kernel: Linux version 6.8.0-100-generic (buildd@lcy02-amd64-061) (x86_64-linux-gnu-gcc-13 (Ubuntu 13.3.0-6ubuntu2~24.04) 13.3.0, GNU ld (GNU Binutils for Ubuntu) 2.42) #100-Ubuntu SMP PREEMPT_DYNAMIC Tue Jan 13 16:40:06 UTC 2026 (Ubuntu 6.8.0-100.100-generic 6.8.12)
2026-02-27T17:27:17.439547+00:00 srv-web-01 kernel: Command line: BOOT_IMAGE=/vmlinuz-6.8.0-100-generic root=/dev/mapper/ubuntu--vg-ubuntu--lv ro
2026-02-27T17:27:17.439548+00:00 srv-web-01 kernel: KERNEL supported cpus:
2026-02-27T17:27:17.439549+00:00 srv-web-01 kernel:   Intel GenuineIntel
2026-02-27T17:27:17.439550+00:00 srv-web-01 kernel:   AMD AuthenticAMD
2026-02-27T17:27:17.439550+00:00 srv-web-01 kernel:   Hygon HygonGenuine
2026-02-27T17:27:17.439551+00:00 srv-web-01 kernel:   Centaur CentaurHauls
2026-02-27T17:27:17.439554+00:00 srv-web-01 kernel:   zhaoxin   Shanghai  
2026-02-27T17:27:17.439555+00:00 srv-web-01 kernel: BIOS-provided physical RAM map:
2026-02-27T17:27:17.439555+00:00 srv-web-01 kernel: BIOS-e820: [mem 0x0000000000000000-0x000000000009e7ff] usable
2026-02-27T17:27:17.439556+00:00 srv-web-01 kernel: BIOS-e820: [mem 0x000000000009e800-0x000000000009ffff] reserved
2026-02-27T17:27:17.439556+00:00 srv-web-01 kernel: BIOS-e820: [mem 0x00000000000dc000-0x00000000000fffff] reserved
2026-02-27T17:27:17.439557+00:00 srv-web-01 kernel: BIOS-e820: [mem 0x0000000000100000-0x00000000bfecffff] usable
2026-02-27T17:27:17.439557+00:00 srv-web-01 kernel: BIOS-e820: [mem 0x00000000bfed0000-0x00000000bfefefff] ACPI data
2026-02-27T17:27:17.439561+00:00 srv-web-01 kernel: BIOS-e820: [mem 0x00000000bfeff000-0x00000000bfefffff] ACPI NVS
2026-02-27T17:27:17.439561+00:00 srv-web-01 kernel: BIOS-e820: [mem 0x00000000bff00000-0x00000000bfffffff] usable
2026-02-27T17:27:17.439562+00:00 srv-web-01 kernel: BIOS-e820: [mem 0x00000000f0000000-0x00000000f7ffffff] reserved
2026-02-27T17:27:17.439562+00:00 srv-web-01 kernel: BIOS-e820: [mem 0x00000000fec00000-0x00000000fec0ffff] reserved
2026-02-27T17:27:17.439563+00:00 srv-web-01 kernel: BIOS-e820: [mem 0x00000000fee00000-0x00000000fee00fff] reserved
2026-02-27T17:27:17.439564+00:00 srv-web-01 kernel: BIOS-e820: [mem 0x00000000fffe0000-0x00000000ffffffff] reserved
2026-02-27T17:27:17.439567+00:00 srv-web-01 kernel: BIOS-e820: [mem 0x0000000100000000-0x000000013fffffff] usable
2026-02-27T17:27:17.439568+00:00 srv-web-01 kernel: NX (Execute Disable) protection: active
2026-02-27T17:27:17.439568+00:00 srv-web-01 kernel: APIC: Static calls initialized
2026-02-27T17:27:17.439569+00:00 srv-web-01 kernel: SMBIOS 2.7 present.
2026-02-27T17:27:17.439569+00:00 srv-web-01 kernel: DMI: VMware, Inc. VMware Virtual Platform/440BX Desktop Reference Platform, BIOS 6.00 11/12/2020
2026-02-27T17:27:17.439570+00:00 srv-web-01 kernel: vmware: hypercall mode: 0x02
2026-02-27T17:27:17.439573+00:00 srv-web-01 kernel: Hypervisor detected: VMware
2026-02-27T17:27:17.439574+00:00 srv-web-01 kernel: vmware: TSC freq read from hypervisor : 2995.468 MHz
2026-02-27T17:27:17.439574+00:00 srv-web-01 kernel: vmware: Host bus clock speed read from hypervisor : 66000000 Hz
2026-02-27T17:27:17.439575+00:00 srv-web-01 kernel: vmware: using clock offset of 18144355565 ns
2026-02-27T17:27:17.439575+00:00 srv-web-01 kernel: tsc: Detected 2995.468 MHz processor
2026-02-27T17:27:17.439576+00:00 srv-web-01 kernel: e820: update [mem 0x00000000-0x00000fff] usable ==> reserved
2026-02-27T17:27:17.439577+00:00 srv-web-01 kernel: e820: remove [mem 0x000a0000-0x000fffff] usable
2026-02-27T17:27:17.439580+00:00 srv-web-01 kernel: last_pfn = 0x140000 max_arch_pfn = 0x400000000
2026-02-27T17:27:17.439581+00:00 srv-web-01 kernel: total RAM covered: 130048M
2026-02-27T17:27:17.439581+00:00 srv-web-01 kernel: Found optimal setting for mtrr clean up
2026-02-27T17:27:17.439582+00:00 srv-web-01 kernel:  gran_size: 64K 	chunk_size: 64K 	num_reg: 7  	lose cover RAM: 0G
2026-02-27T17:27:17.439582+00:00 srv-web-01 kernel: MTRR map: 7 entries (5 fixed + 2 variable; max 21), built from 8 variable MTRRs
2026-02-27T17:27:17.439583+00:00 srv-web-01 kernel: x86/PAT: Configuration [0-7]: WB  WC  UC- UC  WB  WP  UC- WT  
2026-02-27T17:27:17.439586+00:00 srv-web-01 kernel: e820: update [mem 0xc0000000-0xffffffff] usable ==> reserved
2026-02-27T17:27:17.439587+00:00 srv-web-01 kernel: last_pfn = 0xc0000 max_arch_pfn = 0x400000000
2026-02-27T17:27:17.439588+00:00 srv-web-01 kernel: found SMP MP-table at [mem 0x000f6a70-0x000f6a7f]
2026-02-27T17:27:17.439588+00:00 srv-web-01 kernel: Using GB pages for direct mapping
2026-02-27T17:27:17.439588+00:00 srv-web-01 kernel: RAMDISK: [mem 0x2f6cb000-0x33b5cfff]
2026-02-27T17:27:17.439589+00:00 srv-web-01 kernel: ACPI: Early table checksum verification disabled
2026-02-27T17:27:17.439589+00:00 srv-web-01 kernel: ACPI: RSDP 0x00000000000F6A00 000024 (v02 PTLTD )
2026-02-27T17:27:17.439593+00:00 srv-web-01 kernel: ACPI: XSDT 0x00000000BFEDC633 00005C (v01 INTEL  440BX    06040000 VMW  01324272)
2026-02-27T17:27:17.439593+00:00 srv-web-01 kernel: ACPI: FACP 0x00000000BFEFEE73 0000F4 (v04 INTEL  440BX    06040000 PTL  000F4240)
2026-02-27T17:27:17.439594+00:00 srv-web-01 kernel: ACPI: DSDT 0x00000000BFEDD9E8 02148B (v01 PTLTD  Custom   06040000 MSFT 03000001)
2026-02-27T17:27:17.439594+00:00 srv-web-01 kernel: ACPI: FACS 0x00000000BFEFFFC0 000040
2026-02-27T17:27:17.439595+00:00 srv-web-01 kernel: ACPI: FACS 0x00000000BFEFFFC0 000040
2026-02-27T17:27:17.439597+00:00 srv-web-01 kernel: ACPI: BOOT 0x00000000BFEDD9C0 000028 (v01 PTLTD  $SBFTBL$ 06040000  LTP 00000001)
2026-02-27T17:27:17.439600+00:00 srv-web-01 kernel: ACPI: APIC 0x00000000BFEDD27E 000742 (v01 PTLTD  ? APIC   06040000  LTP 00000000)
2026-02-27T17:27:17.439601+00:00 srv-web-01 kernel: ACPI: MCFG 0x00000000BFEDD242 00003C (v01 PTLTD  $PCITBL$ 06040000  LTP 00000001)
2026-02-27T17:27:17.439602+00:00 srv-web-01 kernel: ACPI: SRAT 0x00000000BFEDC72F 0008D0 (v02 VMWARE MEMPLUG  06040000 VMW  00000001)
2026-02-27T17:27:17.439602+00:00 srv-web-01 kernel: ACPI: HPET 0x00000000BFEDC6F7 000038 (v01 VMWARE VMW HPET 06040000 VMW  00000001)
2026-02-27T17:27:17.439603+00:00 srv-web-01 kernel: ACPI: WAET 0x00000000BFEDC6CF 000028 (v01 VMWARE VMW WAET 06040000 VMW  00000001)
2026-02-27T17:27:17.439603+00:00 srv-web-01 kernel: ACPI: Reserving FACP table memory at [mem 0xbfefee73-0xbfefef66]
2026-02-27T17:27:17.439606+00:00 srv-web-01 kernel: ACPI: Reserving DSDT table memory at [mem 0xbfedd9e8-0xbfefee72]
2026-02-27T17:27:17.439607+00:00 srv-web-01 kernel: ACPI: Reserving FACS table memory at [mem 0xbfefffc0-0xbfefffff]
2026-02-27T17:27:17.439608+00:00 srv-web-01 kernel: ACPI: Reserving FACS table memory at [mem 0xbfefffc0-0xbfefffff]
2026-02-27T17:27:17.439609+00:00 srv-web-01 kernel: ACPI: Reserving BOOT table memory at [mem 0xbfedd9c0-0xbfedd9e7]
2026-02-27T17:27:17.439609+00:00 srv-web-01 kernel: ACPI: Reserving APIC table memory at [mem 0xbfedd27e-0xbfedd9bf]
2026-02-27T17:27:17.439610+00:00 srv-web-01 kernel: ACPI: Reserving MCFG table memory at [mem 0xbfedd242-0xbfedd27d]
2026-02-27T17:27:17.439613+00:00 srv-web-01 kernel: ACPI: Reserving SRAT table memory at [mem 0xbfedc72f-0xbfedcffe]
2026-02-27T17:27:17.439614+00:00 srv-web-01 kernel: ACPI: Reserving HPET table memory at [mem 0xbfedc6f7-0xbfedc72e]
2026-02-27T17:27:17.439615+00:00 srv-web-01 kernel: ACPI: Reserving WAET table memory at [mem 0xbfedc6cf-0xbfedc6f6]
2026-02-27T17:27:17.439615+00:00 srv-web-01 kernel: SRAT: PXM 0 -> APIC 0x00 -> Node 0
2026-02-27T17:27:17.439616+00:00 srv-web-01 kernel: SRAT: PXM 0 -> APIC 0x02 -> Node 0
2026-02-27T17:27:17.439616+00:00 srv-web-01 kernel: SRAT: PXM 0 -> APIC 0x04 -> Node 0
2026-02-27T17:27:17.439617+00:00 srv-web-01 kernel: SRAT: PXM 0 -> APIC 0x06 -> Node 0
2026-02-27T17:27:17.439620+00:00 srv-web-01 kernel: SRAT: PXM 0 -> APIC 0x08 -> Node 0
2026-02-27T17:27:17.439621+00:00 srv-web-01 kernel: SRAT: PXM 0 -> APIC 0x0a -> Node 0
2026-02-27T17:27:17.439621+00:00 srv-web-01 kernel: SRAT: PXM 0 -> APIC 0x0c -> Node 0
2026-02-27T17:27:17.439622+00:00 srv-web-01 kernel: SRAT: PXM 0 -> APIC 0x0e -> Node 0
2026-02-27T17:27:17.439622+00:00 srv-web-01 kernel: SRAT: PXM 0 -> APIC 0x10 -> Node 0
2026-02-27T17:27:17.439623+00:00 srv-web-01 kernel: SRAT: PXM 0 -> APIC 0x12 -> Node 0
2026-02-27T17:27:17.439628+00:00 srv-web-01 kernel: SRAT: PXM 0 -> APIC 0x14 -> Node 0
2026-02-27T17:27:17.439629+00:00 srv-web-01 kernel: SRAT: PXM 0 -> APIC 0x16 -> Node 0
2026-02-27T17:27:17.439629+00:00 srv-web-01 kernel: SRAT: PXM 0 -> APIC 0x18 -> Node 0
2026-02-27T17:27:17.439630+00:00 srv-web-01 kernel: SRAT: PXM 0 -> APIC 0x1a -> Node 0
2026-02-27T17:27:17.439630+00:00 srv-web-01 kernel: SRAT: PXM 0 -> APIC 0x1c -> Node 0
2026-02-27T17:27:17.439631+00:00 srv-web-01 kernel: SRAT: PXM 0 -> APIC 0x1e -> Node 0
2026-02-27T17:27:17.439631+00:00 srv-web-01 kernel: SRAT: PXM 0 -> APIC 0x20 -> Node 0
2026-02-27T17:27:17.439635+00:00 srv-web-01 kernel: SRAT: PXM 0 -> APIC 0x22 -> Node 0
2026-02-27T17:27:17.439635+00:00 srv-web-01 kernel: SRAT: PXM 0 -> APIC 0x24 -> Node 0
2026-02-27T17:27:17.439636+00:00 srv-web-01 kernel: SRAT: PXM 0 -> APIC 0x26 -> Node 0
2026-02-27T17:27:17.439636+00:00 srv-web-01 kernel: SRAT: PXM 0 -> APIC 0x28 -> Node 0
2026-02-27T17:27:17.439637+00:00 srv-web-01 kernel: SRAT: PXM 0 -> APIC 0x2a -> Node 0
2026-02-27T17:27:17.439637+00:00 srv-web-01 kernel: SRAT: PXM 0 -> APIC 0x2c -> Node 0
2026-02-27T17:27:17.439641+00:00 srv-web-01 kernel: SRAT: PXM 0 -> APIC 0x2e -> Node 0
2026-02-27T17:27:17.439641+00:00 srv-web-01 kernel: SRAT: PXM 0 -> APIC 0x30 -> Node 0
2026-02-27T17:27:17.439642+00:00 srv-web-01 kernel: SRAT: PXM 0 -> APIC 0x32 -> Node 0
2026-02-27T17:27:17.439642+00:00 srv-web-01 kernel: SRAT: PXM 0 -> APIC 0x34 -> Node 0
2026-02-27T17:27:17.439643+00:00 srv-web-01 kernel: SRAT: PXM 0 -> APIC 0x36 -> Node 0
2026-02-27T17:27:17.439643+00:00 srv-web-01 kernel: SRAT: PXM 0 -> APIC 0x38 -> Node 0
2026-02-27T17:27:17.439647+00:00 srv-web-01 kernel: SRAT: PXM 0 -> APIC 0x3a -> Node 0
2026-02-27T17:27:17.439648+00:00 srv-web-01 kernel: SRAT: PXM 0 -> APIC 0x3c -> Node 0
2026-02-27T17:27:17.439648+00:00 srv-web-01 kernel: SRAT: PXM 0 -> APIC 0x3e -> Node 0
2026-02-27T17:27:17.439649+00:00 srv-web-01 kernel: SRAT: PXM 0 -> APIC 0x40 -> Node 0
2026-02-27T17:27:17.439650+00:00 srv-web-01 kernel: SRAT: PXM 0 -> APIC 0x42 -> Node 0
2026-02-27T17:27:17.439650+00:00 srv-web-01 kernel: SRAT: PXM 0 -> APIC 0x44 -> Node 0
2026-02-27T17:27:17.439651+00:00 srv-web-01 kernel: SRAT: PXM 0 -> APIC 0x46 -> Node 0
2026-02-27T17:27:17.439654+00:00 srv-web-01 kernel: SRAT: PXM 0 -> APIC 0x48 -> Node 0
2026-02-27T17:27:17.439655+00:00 srv-web-01 kernel: SRAT: PXM 0 -> APIC 0x4a -> Node 0
2026-02-27T17:27:17.439655+00:00 srv-web-01 kernel: SRAT: PXM 0 -> APIC 0x4c -> Node 0
2026-02-27T17:27:17.439656+00:00 srv-web-01 kernel: SRAT: PXM 0 -> APIC 0x4e -> Node 0
2026-02-27T17:27:17.439656+00:00 srv-web-01 kernel: SRAT: PXM 0 -> APIC 0x50 -> Node 0
2026-02-27T17:27:17.439657+00:00 srv-web-01 kernel: SRAT: PXM 0 -> APIC 0x52 -> Node 0
2026-02-27T17:27:17.439660+00:00 srv-web-01 kernel: SRAT: PXM 0 -> APIC 0x54 -> Node 0
2026-02-27T17:27:17.439661+00:00 srv-web-01 kernel: SRAT: PXM 0 -> APIC 0x56 -> Node 0
2026-02-27T17:27:17.439661+00:00 srv-web-01 kernel: SRAT: PXM 0 -> APIC 0x58 -> Node 0
2026-02-27T17:27:17.439662+00:00 srv-web-01 kernel: SRAT: PXM 0 -> APIC 0x5a -> Node 0
2026-02-27T17:27:17.439662+00:00 srv-web-01 kernel: SRAT: PXM 0 -> APIC 0x5c -> Node 0
2026-02-27T17:27:17.439663+00:00 srv-web-01 kernel: SRAT: PXM 0 -> APIC 0x5e -> Node 0
2026-02-27T17:27:17.439663+00:00 srv-web-01 kernel: SRAT: PXM 0 -> APIC 0x60 -> Node 0
2026-02-27T17:27:17.439667+00:00 srv-web-01 kernel: SRAT: PXM 0 -> APIC 0x62 -> Node 0
2026-02-27T17:27:17.439668+00:00 srv-web-01 kernel: SRAT: PXM 0 -> APIC 0x64 -> Node 0
2026-02-27T17:27:17.439668+00:00 srv-web-01 kernel: SRAT: PXM 0 -> APIC 0x66 -> Node 0
2026-02-27T17:27:17.439669+00:00 srv-web-01 kernel: SRAT: PXM 0 -> APIC 0x68 -> Node 0
2026-02-27T17:27:17.439670+00:00 srv-web-01 kernel: SRAT: PXM 0 -> APIC 0x6a -> Node 0
2026-02-27T17:27:17.439670+00:00 srv-web-01 kernel: SRAT: PXM 0 -> APIC 0x6c -> Node 0
2026-02-27T17:27:17.439808+00:00 srv-web-01 kernel: SRAT: PXM 0 -> APIC 0x6e -> Node 0
2026-02-27T17:27:17.439811+00:00 srv-web-01 kernel: SRAT: PXM 0 -> APIC 0x70 -> Node 0
2026-02-27T17:27:17.439812+00:00 srv-web-01 kernel: SRAT: PXM 0 -> APIC 0x72 -> Node 0
2026-02-27T17:27:17.439814+00:00 srv-web-01 kernel: SRAT: PXM 0 -> APIC 0x74 -> Node 0
2026-02-27T17:27:17.439815+00:00 srv-web-01 kernel: SRAT: PXM 0 -> APIC 0x76 -> Node 0
2026-02-27T17:27:17.439816+00:00 srv-web-01 kernel: SRAT: PXM 0 -> APIC 0x78 -> Node 0
2026-02-27T17:27:17.439823+00:00 srv-web-01 kernel: SRAT: PXM 0 -> APIC 0x7a -> Node 0
2026-02-27T17:27:17.439825+00:00 srv-web-01 kernel: SRAT: PXM 0 -> APIC 0x7c -> Node 0
2026-02-27T17:27:17.439826+00:00 srv-web-01 kernel: SRAT: PXM 0 -> APIC 0x7e -> Node 0
2026-02-27T17:27:17.439828+00:00 srv-web-01 kernel: SRAT: PXM 0 -> APIC 0x80 -> Node 0
2026-02-27T17:27:17.439829+00:00 srv-web-01 kernel: SRAT: PXM 0 -> APIC 0x82 -> Node 0
2026-02-27T17:27:17.439830+00:00 srv-web-01 kernel: SRAT: PXM 0 -> APIC 0x84 -> Node 0
2026-02-27T17:27:17.440792+00:00 srv-web-01 kernel: SRAT: PXM 0 -> APIC 0x86 -> Node 0
2026-02-27T17:27:17.440804+00:00 srv-web-01 kernel: SRAT: PXM 0 -> APIC 0x88 -> Node 0
2026-02-27T17:27:17.440806+00:00 srv-web-01 kernel: SRAT: PXM 0 -> APIC 0x8a -> Node 0
2026-02-27T17:27:17.440807+00:00 srv-web-01 kernel: SRAT: PXM 0 -> APIC 0x8c -> Node 0
2026-02-27T17:27:17.440809+00:00 srv-web-01 kernel: SRAT: PXM 0 -> APIC 0x8e -> Node 0
2026-02-27T17:27:17.440810+00:00 srv-web-01 kernel: SRAT: PXM 0 -> APIC 0x90 -> Node 0
2026-02-27T17:27:17.440811+00:00 srv-web-01 kernel: SRAT: PXM 0 -> APIC 0x92 -> Node 0
2026-02-27T17:27:17.440819+00:00 srv-web-01 kernel: SRAT: PXM 0 -> APIC 0x94 -> Node 0
2026-02-27T17:27:17.440820+00:00 srv-web-01 kernel: SRAT: PXM 0 -> APIC 0x96 -> Node 0
2026-02-27T17:27:17.440822+00:00 srv-web-01 kernel: SRAT: PXM 0 -> APIC 0x98 -> Node 0
2026-02-27T17:27:17.440823+00:00 srv-web-01 kernel: SRAT: PXM 0 -> APIC 0x9a -> Node 0
2026-02-27T17:27:17.440824+00:00 srv-web-01 kernel: SRAT: PXM 0 -> APIC 0x9c -> Node 0
2026-02-27T17:27:17.440826+00:00 srv-web-01 kernel: SRAT: PXM 0 -> APIC 0x9e -> Node 0
2026-02-27T17:27:17.440827+00:00 srv-web-01 kernel: SRAT: PXM 0 -> APIC 0xa0 -> Node 0
2026-02-27T17:27:17.443637+00:00 srv-web-01 kernel: SRAT: PXM 0 -> APIC 0xa2 -> Node 0
2026-02-27T17:27:17.443648+00:00 srv-web-01 kernel: SRAT: PXM 0 -> APIC 0xa4 -> Node 0
2026-02-27T17:27:17.443650+00:00 srv-web-01 kernel: SRAT: PXM 0 -> APIC 0xa6 -> Node 0
2026-02-27T17:27:17.443651+00:00 srv-web-01 kernel: SRAT: PXM 0 -> APIC 0xa8 -> Node 0
2026-02-27T17:27:17.443653+00:00 srv-web-01 kernel: SRAT: PXM 0 -> APIC 0xaa -> Node 0
2026-02-27T17:27:17.443654+00:00 srv-web-01 kernel: SRAT: PXM 0 -> APIC 0xac -> Node 0
2026-02-27T17:27:17.443670+00:00 srv-web-01 kernel: SRAT: PXM 0 -> APIC 0xae -> Node 0
2026-02-27T17:27:17.443671+00:00 srv-web-01 kernel: SRAT: PXM 0 -> APIC 0xb0 -> Node 0
2026-02-27T17:27:17.443673+00:00 srv-web-01 kernel: SRAT: PXM 0 -> APIC 0xb2 -> Node 0
2026-02-27T17:27:17.443674+00:00 srv-web-01 kernel: SRAT: PXM 0 -> APIC 0xb4 -> Node 0
2026-02-27T17:27:17.443676+00:00 srv-web-01 kernel: SRAT: PXM 0 -> APIC 0xb6 -> Node 0
2026-02-27T17:27:17.443677+00:00 srv-web-01 kernel: SRAT: PXM 0 -> APIC 0xb8 -> Node 0
2026-02-27T17:27:17.443685+00:00 srv-web-01 kernel: SRAT: PXM 0 -> APIC 0xba -> Node 0
2026-02-27T17:27:17.443687+00:00 srv-web-01 kernel: SRAT: PXM 0 -> APIC 0xbc -> Node 0
2026-02-27T17:27:17.443688+00:00 srv-web-01 kernel: SRAT: PXM 0 -> APIC 0xbe -> Node 0
2026-02-27T17:27:17.443690+00:00 srv-web-01 kernel: SRAT: PXM 0 -> APIC 0xc0 -> Node 0
2026-02-27T17:27:17.443691+00:00 srv-web-01 kernel: SRAT: PXM 0 -> APIC 0xc2 -> Node 0
2026-02-27T17:27:17.443692+00:00 srv-web-01 kernel: SRAT: PXM 0 -> APIC 0xc4 -> Node 0
2026-02-27T17:27:17.443693+00:00 srv-web-01 kernel: SRAT: PXM 0 -> APIC 0xc6 -> Node 0
2026-02-27T17:27:17.443701+00:00 srv-web-01 kernel: SRAT: PXM 0 -> APIC 0xc8 -> Node 0
2026-02-27T17:27:17.443702+00:00 srv-web-01 kernel: SRAT: PXM 0 -> APIC 0xca -> Node 0
2026-02-27T17:27:17.443703+00:00 srv-web-01 kernel: SRAT: PXM 0 -> APIC 0xcc -> Node 0
2026-02-27T17:27:17.443705+00:00 srv-web-01 kernel: SRAT: PXM 0 -> APIC 0xce -> Node 0
2026-02-27T17:27:17.443706+00:00 srv-web-01 kernel: SRAT: PXM 0 -> APIC 0xd0 -> Node 0
2026-02-27T17:27:17.443707+00:00 srv-web-01 kernel: SRAT: PXM 0 -> APIC 0xd2 -> Node 0
2026-02-27T17:27:17.443715+00:00 srv-web-01 kernel: SRAT: PXM 0 -> APIC 0xd4 -> Node 0
2026-02-27T17:27:17.443716+00:00 srv-web-01 kernel: SRAT: PXM 0 -> APIC 0xd6 -> Node 0
2026-02-27T17:27:17.443718+00:00 srv-web-01 kernel: SRAT: PXM 0 -> APIC 0xd8 -> Node 0
2026-02-27T17:27:17.443719+00:00 srv-web-01 kernel: SRAT: PXM 0 -> APIC 0xda -> Node 0
2026-02-27T17:27:17.443721+00:00 srv-web-01 kernel: SRAT: PXM 0 -> APIC 0xdc -> Node 0
2026-02-27T17:27:17.443722+00:00 srv-web-01 kernel: SRAT: PXM 0 -> APIC 0xde -> Node 0
2026-02-27T17:27:17.443724+00:00 srv-web-01 kernel: SRAT: PXM 0 -> APIC 0xe0 -> Node 0
2026-02-27T17:27:17.443731+00:00 srv-web-01 kernel: SRAT: PXM 0 -> APIC 0xe2 -> Node 0
2026-02-27T17:27:17.443733+00:00 srv-web-01 kernel: SRAT: PXM 0 -> APIC 0xe4 -> Node 0
2026-02-27T17:27:17.443734+00:00 srv-web-01 kernel: SRAT: PXM 0 -> APIC 0xe6 -> Node 0
2026-02-27T17:27:17.443735+00:00 srv-web-01 kernel: SRAT: PXM 0 -> APIC 0xe8 -> Node 0
2026-02-27T17:27:17.443737+00:00 srv-web-01 kernel: SRAT: PXM 0 -> APIC 0xea -> Node 0
2026-02-27T17:27:17.443738+00:00 srv-web-01 kernel: SRAT: PXM 0 -> APIC 0xec -> Node 0
2026-02-27T17:27:17.443745+00:00 srv-web-01 kernel: SRAT: PXM 0 -> APIC 0xee -> Node 0
2026-02-27T17:27:17.443746+00:00 srv-web-01 kernel: SRAT: PXM 0 -> APIC 0xf0 -> Node 0
2026-02-27T17:27:17.443748+00:00 srv-web-01 kernel: SRAT: PXM 0 -> APIC 0xf2 -> Node 0
2026-02-27T17:27:17.443749+00:00 srv-web-01 kernel: SRAT: PXM 0 -> APIC 0xf4 -> Node 0
2026-02-27T17:27:17.443751+00:00 srv-web-01 kernel: SRAT: PXM 0 -> APIC 0xf6 -> Node 0
2026-02-27T17:27:17.443752+00:00 srv-web-01 kernel: SRAT: PXM 0 -> APIC 0xf8 -> Node 0
2026-02-27T17:27:17.443760+00:00 srv-web-01 kernel: SRAT: PXM 0 -> APIC 0xfa -> Node 0
2026-02-27T17:27:17.443761+00:00 srv-web-01 kernel: SRAT: PXM 0 -> APIC 0xfc -> Node 0
2026-02-27T17:27:17.443763+00:00 srv-web-01 kernel: SRAT: PXM 0 -> APIC 0xfe -> Node 0
2026-02-27T17:27:17.443764+00:00 srv-web-01 kernel: ACPI: SRAT: Node 0 PXM 0 [mem 0x00000000-0x0009ffff]
2026-02-27T17:27:17.443765+00:00 srv-web-01 kernel: ACPI: SRAT: Node 0 PXM 0 [mem 0x00100000-0xbfffffff]
2026-02-27T17:27:17.443767+00:00 srv-web-01 kernel: ACPI: SRAT: Node 0 PXM 0 [mem 0x100000000-0x13fffffff]
2026-02-27T17:27:17.443768+00:00 srv-web-01 kernel: ACPI: SRAT: Node 0 PXM 0 [mem 0x140000000-0x103fffffff] hotplug
2026-02-27T17:27:17.443776+00:00 srv-web-01 kernel: NUMA: Node 0 [mem 0x00000000-0x0009ffff] + [mem 0x00100000-0xbfffffff] -> [mem 0x00000000-0xbfffffff]
2026-02-27T17:27:17.443778+00:00 srv-web-01 kernel: NUMA: Node 0 [mem 0x00000000-0xbfffffff] + [mem 0x100000000-0x13fffffff] -> [mem 0x00000000-0x13fffffff]
2026-02-27T17:27:17.443780+00:00 srv-web-01 kernel: NODE_DATA(0) allocated [mem 0x13ffd3000-0x13fffdfff]
2026-02-27T17:27:17.443781+00:00 srv-web-01 kernel: Zone ranges:
2026-02-27T17:27:17.443783+00:00 srv-web-01 kernel:   DMA      [mem 0x0000000000001000-0x0000000000ffffff]
2026-02-27T17:27:17.443784+00:00 srv-web-01 kernel:   DMA32    [mem 0x0000000001000000-0x00000000ffffffff]
2026-02-27T17:27:17.443807+00:00 srv-web-01 kernel:   Normal   [mem 0x0000000100000000-0x000000013fffffff]
2026-02-27T17:27:17.443809+00:00 srv-web-01 kernel:   Device   empty
2026-02-27T17:27:17.443811+00:00 srv-web-01 kernel: Movable zone start for each node
2026-02-27T17:27:17.443812+00:00 srv-web-01 kernel: Early memory node ranges
2026-02-27T17:27:17.443814+00:00 srv-web-01 kernel:   node   0: [mem 0x0000000000001000-0x000000000009dfff]
2026-02-27T17:27:17.443816+00:00 srv-web-01 kernel:   node   0: [mem 0x0000000000100000-0x00000000bfecffff]
2026-02-27T17:27:17.443829+00:00 srv-web-01 kernel:   node   0: [mem 0x00000000bff00000-0x00000000bfffffff]
2026-02-27T17:27:17.443831+00:00 srv-web-01 kernel:   node   0: [mem 0x0000000100000000-0x000000013fffffff]
2026-02-27T17:27:17.443857+00:00 srv-web-01 kernel: Initmem setup node 0 [mem 0x0000000000001000-0x000000013fffffff]
2026-02-27T17:27:17.443858+00:00 srv-web-01 kernel: On node 0, zone DMA: 1 pages in unavailable ranges
2026-02-27T17:27:17.443860+00:00 srv-web-01 kernel: On node 0, zone DMA: 98 pages in unavailable ranges
2026-02-27T17:27:17.443860+00:00 srv-web-01 kernel: On node 0, zone DMA32: 48 pages in unavailable ranges
2026-02-27T17:27:17.443862+00:00 srv-web-01 kernel: ACPI: PM-Timer IO Port: 0x1008
2026-02-27T17:27:17.443876+00:00 srv-web-01 kernel: ACPI: LAPIC_NMI (acpi_id[0x00] high edge lint[0x1])
2026-02-27T17:27:17.443878+00:00 srv-web-01 kernel: ACPI: LAPIC_NMI (acpi_id[0x01] high edge lint[0x1])
2026-02-27T17:27:17.443879+00:00 srv-web-01 kernel: ACPI: LAPIC_NMI (acpi_id[0x02] high edge lint[0x1])
2026-02-27T17:27:17.443881+00:00 srv-web-01 kernel: ACPI: LAPIC_NMI (acpi_id[0x03] high edge lint[0x1])
2026-02-27T17:27:17.443882+00:00 srv-web-01 kernel: ACPI: LAPIC_NMI (acpi_id[0x04] high edge lint[0x1])
2026-02-27T17:27:17.443883+00:00 srv-web-01 kernel: ACPI: LAPIC_NMI (acpi_id[0x05] high edge lint[0x1])
2026-02-27T17:27:17.443895+00:00 srv-web-01 kernel: ACPI: LAPIC_NMI (acpi_id[0x06] high edge lint[0x1])
2026-02-27T17:27:17.443897+00:00 srv-web-01 kernel: ACPI: LAPIC_NMI (acpi_id[0x07] high edge lint[0x1])
2026-02-27T17:27:17.443898+00:00 srv-web-01 kernel: ACPI: LAPIC_NMI (acpi_id[0x08] high edge lint[0x1])
2026-02-27T17:27:17.443899+00:00 srv-web-01 kernel: ACPI: LAPIC_NMI (acpi_id[0x09] high edge lint[0x1])
2026-02-27T17:27:17.443900+00:00 srv-web-01 kernel: ACPI: LAPIC_NMI (acpi_id[0x0a] high edge lint[0x1])
2026-02-27T17:27:17.443901+00:00 srv-web-01 kernel: ACPI: LAPIC_NMI (acpi_id[0x0b] high edge lint[0x1])
2026-02-27T17:27:17.443912+00:00 srv-web-01 kernel: ACPI: LAPIC_NMI (acpi_id[0x0c] high edge lint[0x1])
2026-02-27T17:27:17.443914+00:00 srv-web-01 kernel: ACPI: LAPIC_NMI (acpi_id[0x0d] high edge lint[0x1])
2026-02-27T17:27:17.443915+00:00 srv-web-01 kernel: ACPI: LAPIC_NMI (acpi_id[0x0e] high edge lint[0x1])
2026-02-27T17:27:17.443916+00:00 srv-web-01 kernel: ACPI: LAPIC_NMI (acpi_id[0x0f] high edge lint[0x1])
2026-02-27T17:27:17.443917+00:00 srv-web-01 kernel: ACPI: LAPIC_NMI (acpi_id[0x10] high edge lint[0x1])
2026-02-27T17:27:17.443919+00:00 srv-web-01 kernel: ACPI: LAPIC_NMI (acpi_id[0x11] high edge lint[0x1])
2026-02-27T17:27:17.443920+00:00 srv-web-01 kernel: ACPI: LAPIC_NMI (acpi_id[0x12] high edge lint[0x1])
2026-02-27T17:27:17.443931+00:00 srv-web-01 kernel: ACPI: LAPIC_NMI (acpi_id[0x13] high edge lint[0x1])
2026-02-27T17:27:17.443933+00:00 srv-web-01 kernel: ACPI: LAPIC_NMI (acpi_id[0x14] high edge lint[0x1])
2026-02-27T17:27:17.443934+00:00 srv-web-01 kernel: ACPI: LAPIC_NMI (acpi_id[0x15] high edge lint[0x1])
2026-02-27T17:27:17.443935+00:00 srv-web-01 kernel: ACPI: LAPIC_NMI (acpi_id[0x16] high edge lint[0x1])
2026-02-27T17:27:17.443937+00:00 srv-web-01 kernel: ACPI: LAPIC_NMI (acpi_id[0x17] high edge lint[0x1])
2026-02-27T17:27:17.443938+00:00 srv-web-01 kernel: ACPI: LAPIC_NMI (acpi_id[0x18] high edge lint[0x1])
2026-02-27T17:27:17.443955+00:00 srv-web-01 kernel: ACPI: LAPIC_NMI (acpi_id[0x19] high edge lint[0x1])
2026-02-27T17:27:17.443956+00:00 srv-web-01 kernel: ACPI: LAPIC_NMI (acpi_id[0x1a] high edge lint[0x1])
2026-02-27T17:27:17.443958+00:00 srv-web-01 kernel: ACPI: LAPIC_NMI (acpi_id[0x1b] high edge lint[0x1])
2026-02-27T17:27:17.443959+00:00 srv-web-01 kernel: ACPI: LAPIC_NMI (acpi_id[0x1c] high edge lint[0x1])
2026-02-27T17:27:17.443961+00:00 srv-web-01 kernel: ACPI: LAPIC_NMI (acpi_id[0x1d] high edge lint[0x1])
2026-02-27T17:27:17.443962+00:00 srv-web-01 kernel: ACPI: LAPIC_NMI (acpi_id[0x1e] high edge lint[0x1])
2026-02-27T17:27:17.443963+00:00 srv-web-01 kernel: ACPI: LAPIC_NMI (acpi_id[0x1f] high edge lint[0x1])
2026-02-27T17:27:17.443975+00:00 srv-web-01 kernel: ACPI: LAPIC_NMI (acpi_id[0x20] high edge lint[0x1])
2026-02-27T17:27:17.443977+00:00 srv-web-01 kernel: ACPI: LAPIC_NMI (acpi_id[0x21] high edge lint[0x1])
2026-02-27T17:27:17.443979+00:00 srv-web-01 kernel: ACPI: LAPIC_NMI (acpi_id[0x22] high edge lint[0x1])
2026-02-27T17:27:17.443980+00:00 srv-web-01 kernel: ACPI: LAPIC_NMI (acpi_id[0x23] high edge lint[0x1])
2026-02-27T17:27:17.443981+00:00 srv-web-01 kernel: ACPI: LAPIC_NMI (acpi_id[0x24] high edge lint[0x1])
2026-02-27T17:27:17.444143+00:00 srv-web-01 kernel: ACPI: LAPIC_NMI (acpi_id[0x25] high edge lint[0x1])
2026-02-27T17:27:17.444157+00:00 srv-web-01 kernel: ACPI: LAPIC_NMI (acpi_id[0x26] high edge lint[0x1])
2026-02-27T17:27:17.444159+00:00 srv-web-01 kernel: ACPI: LAPIC_NMI (acpi_id[0x27] high edge lint[0x1])
2026-02-27T17:27:17.444160+00:00 srv-web-01 kernel: ACPI: LAPIC_NMI (acpi_id[0x28] high edge lint[0x1])
2026-02-27T17:27:17.444162+00:00 srv-web-01 kernel: ACPI: LAPIC_NMI (acpi_id[0x29] high edge lint[0x1])
2026-02-27T17:27:17.444163+00:00 srv-web-01 kernel: ACPI: LAPIC_NMI (acpi_id[0x2a] high edge lint[0x1])
2026-02-27T17:27:17.444164+00:00 srv-web-01 kernel: ACPI: LAPIC_NMI (acpi_id[0x2b] high edge lint[0x1])
2026-02-27T17:27:17.444177+00:00 srv-web-01 kernel: ACPI: LAPIC_NMI (acpi_id[0x2c] high edge lint[0x1])
2026-02-27T17:27:17.444179+00:00 srv-web-01 kernel: ACPI: LAPIC_NMI (acpi_id[0x2d] high edge lint[0x1])
2026-02-27T17:27:17.444180+00:00 srv-web-01 kernel: ACPI: LAPIC_NMI (acpi_id[0x2e] high edge lint[0x1])
2026-02-27T17:27:17.444181+00:00 srv-web-01 kernel: ACPI: LAPIC_NMI (acpi_id[0x2f] high edge lint[0x1])
2026-02-27T17:27:17.444183+00:00 srv-web-01 kernel: ACPI: LAPIC_NMI (acpi_id[0x30] high edge lint[0x1])
2026-02-27T17:27:17.444184+00:00 srv-web-01 kernel: ACPI: LAPIC_NMI (acpi_id[0x31] high edge lint[0x1])
2026-02-27T17:27:17.444185+00:00 srv-web-01 kernel: ACPI: LAPIC_NMI (acpi_id[0x32] high edge lint[0x1])
2026-02-27T17:27:17.444197+00:00 srv-web-01 kernel: ACPI: LAPIC_NMI (acpi_id[0x33] high edge lint[0x1])
2026-02-27T17:27:17.444199+00:00 srv-web-01 kernel: ACPI: LAPIC_NMI (acpi_id[0x34] high edge lint[0x1])
2026-02-27T17:27:17.444200+00:00 srv-web-01 kernel: ACPI: LAPIC_NMI (acpi_id[0x35] high edge lint[0x1])
2026-02-27T17:27:17.444202+00:00 srv-web-01 kernel: ACPI: LAPIC_NMI (acpi_id[0x36] high edge lint[0x1])
2026-02-27T17:27:17.444203+00:00 srv-web-01 kernel: ACPI: LAPIC_NMI (acpi_id[0x37] high edge lint[0x1])
2026-02-27T17:27:17.444204+00:00 srv-web-01 kernel: ACPI: LAPIC_NMI (acpi_id[0x38] high edge lint[0x1])
2026-02-27T17:27:17.444216+00:00 srv-web-01 kernel: ACPI: LAPIC_NMI (acpi_id[0x39] high edge lint[0x1])
2026-02-27T17:27:17.444218+00:00 srv-web-01 kernel: ACPI: LAPIC_NMI (acpi_id[0x3a] high edge lint[0x1])
2026-02-27T17:27:17.444219+00:00 srv-web-01 kernel: ACPI: LAPIC_NMI (acpi_id[0x3b] high edge lint[0x1])
2026-02-27T17:27:17.444221+00:00 srv-web-01 kernel: ACPI: LAPIC_NMI (acpi_id[0x3c] high edge lint[0x1])
2026-02-27T17:27:17.444222+00:00 srv-web-01 kernel: ACPI: LAPIC_NMI (acpi_id[0x3d] high edge lint[0x1])
2026-02-27T17:27:17.444224+00:00 srv-web-01 kernel: ACPI: LAPIC_NMI (acpi_id[0x3e] high edge lint[0x1])
2026-02-27T17:27:17.444225+00:00 srv-web-01 kernel: ACPI: LAPIC_NMI (acpi_id[0x3f] high edge lint[0x1])
2026-02-27T17:27:17.444237+00:00 srv-web-01 kernel: ACPI: LAPIC_NMI (acpi_id[0x40] high edge lint[0x1])
2026-02-27T17:27:17.444239+00:00 srv-web-01 kernel: ACPI: LAPIC_NMI (acpi_id[0x41] high edge lint[0x1])
2026-02-27T17:27:17.444240+00:00 srv-web-01 kernel: ACPI: LAPIC_NMI (acpi_id[0x42] high edge lint[0x1])
2026-02-27T17:27:17.444242+00:00 srv-web-01 kernel: ACPI: LAPIC_NMI (acpi_id[0x43] high edge lint[0x1])
2026-02-27T17:27:17.444243+00:00 srv-web-01 kernel: ACPI: LAPIC_NMI (acpi_id[0x44] high edge lint[0x1])
2026-02-27T17:27:17.444245+00:00 srv-web-01 kernel: ACPI: LAPIC_NMI (acpi_id[0x45] high edge lint[0x1])
2026-02-27T17:27:17.444257+00:00 srv-web-01 kernel: ACPI: LAPIC_NMI (acpi_id[0x46] high edge lint[0x1])
2026-02-27T17:27:17.444259+00:00 srv-web-01 kernel: ACPI: LAPIC_NMI (acpi_id[0x47] high edge lint[0x1])
2026-02-27T17:27:17.444260+00:00 srv-web-01 kernel: ACPI: LAPIC_NMI (acpi_id[0x48] high edge lint[0x1])
2026-02-27T17:27:17.444262+00:00 srv-web-01 kernel: ACPI: LAPIC_NMI (acpi_id[0x49] high edge lint[0x1])
2026-02-27T17:27:17.444263+00:00 srv-web-01 kernel: ACPI: LAPIC_NMI (acpi_id[0x4a] high edge lint[0x1])
2026-02-27T17:27:17.444264+00:00 srv-web-01 kernel: ACPI: LAPIC_NMI (acpi_id[0x4b] high edge lint[0x1])
2026-02-27T17:27:17.444277+00:00 srv-web-01 kernel: ACPI: LAPIC_NMI (acpi_id[0x4c] high edge lint[0x1])
2026-02-27T17:27:17.444278+00:00 srv-web-01 kernel: ACPI: LAPIC_NMI (acpi_id[0x4d] high edge lint[0x1])
2026-02-27T17:27:17.444280+00:00 srv-web-01 kernel: ACPI: LAPIC_NMI (acpi_id[0x4e] high edge lint[0x1])
2026-02-27T17:27:17.444281+00:00 srv-web-01 kernel: ACPI: LAPIC_NMI (acpi_id[0x4f] high edge lint[0x1])
2026-02-27T17:27:17.444282+00:00 srv-web-01 kernel: ACPI: LAPIC_NMI (acpi_id[0x50] high edge lint[0x1])
2026-02-27T17:27:17.444284+00:00 srv-web-01 kernel: ACPI: LAPIC_NMI (acpi_id[0x51] high edge lint[0x1])
2026-02-27T17:27:17.444285+00:00 srv-web-01 kernel: ACPI: LAPIC_NMI (acpi_id[0x52] high edge lint[0x1])
2026-02-27T17:27:17.444298+00:00 srv-web-01 kernel: ACPI: LAPIC_NMI (acpi_id[0x53] high edge lint[0x1])
2026-02-27T17:27:17.444299+00:00 srv-web-01 kernel: ACPI: LAPIC_NMI (acpi_id[0x54] high edge lint[0x1])
2026-02-27T17:27:17.444301+00:00 srv-web-01 kernel: ACPI: LAPIC_NMI (acpi_id[0x55] high edge lint[0x1])
2026-02-27T17:27:17.444302+00:00 srv-web-01 kernel: ACPI: LAPIC_NMI (acpi_id[0x56] high edge lint[0x1])
2026-02-27T17:27:17.444303+00:00 srv-web-01 kernel: ACPI: LAPIC_NMI (acpi_id[0x57] high edge lint[0x1])
2026-02-27T17:27:17.444304+00:00 srv-web-01 kernel: ACPI: LAPIC_NMI (acpi_id[0x58] high edge lint[0x1])
2026-02-27T17:27:17.444317+00:00 srv-web-01 kernel: ACPI: LAPIC_NMI (acpi_id[0x59] high edge lint[0x1])
2026-02-27T17:27:17.444318+00:00 srv-web-01 kernel: ACPI: LAPIC_NMI (acpi_id[0x5a] high edge lint[0x1])
2026-02-27T17:27:17.444320+00:00 srv-web-01 kernel: ACPI: LAPIC_NMI (acpi_id[0x5b] high edge lint[0x1])
2026-02-27T17:27:17.444321+00:00 srv-web-01 kernel: ACPI: LAPIC_NMI (acpi_id[0x5c] high edge lint[0x1])
2026-02-27T17:27:17.444322+00:00 srv-web-01 kernel: ACPI: LAPIC_NMI (acpi_id[0x5d] high edge lint[0x1])
2026-02-27T17:27:17.444324+00:00 srv-web-01 kernel: ACPI: LAPIC_NMI (acpi_id[0x5e] high edge lint[0x1])
2026-02-27T17:27:17.444325+00:00 srv-web-01 kernel: ACPI: LAPIC_NMI (acpi_id[0x5f] high edge lint[0x1])
2026-02-27T17:27:17.444337+00:00 srv-web-01 kernel: ACPI: LAPIC_NMI (acpi_id[0x60] high edge lint[0x1])
2026-02-27T17:27:17.444339+00:00 srv-web-01 kernel: ACPI: LAPIC_NMI (acpi_id[0x61] high edge lint[0x1])
2026-02-27T17:27:17.444340+00:00 srv-web-01 kernel: ACPI: LAPIC_NMI (acpi_id[0x62] high edge lint[0x1])
2026-02-27T17:27:17.444341+00:00 srv-web-01 kernel: ACPI: LAPIC_NMI (acpi_id[0x63] high edge lint[0x1])
2026-02-27T17:27:17.444342+00:00 srv-web-01 kernel: ACPI: LAPIC_NMI (acpi_id[0x64] high edge lint[0x1])
2026-02-27T17:27:17.444343+00:00 srv-web-01 kernel: ACPI: LAPIC_NMI (acpi_id[0x65] high edge lint[0x1])
2026-02-27T17:27:17.444354+00:00 srv-web-01 kernel: ACPI: LAPIC_NMI (acpi_id[0x66] high edge lint[0x1])
2026-02-27T17:27:17.444356+00:00 srv-web-01 kernel: ACPI: LAPIC_NMI (acpi_id[0x67] high edge lint[0x1])
2026-02-27T17:27:17.444357+00:00 srv-web-01 kernel: ACPI: LAPIC_NMI (acpi_id[0x68] high edge lint[0x1])
2026-02-27T17:27:17.444359+00:00 srv-web-01 kernel: ACPI: LAPIC_NMI (acpi_id[0x69] high edge lint[0x1])
2026-02-27T17:27:17.444360+00:00 srv-web-01 kernel: ACPI: LAPIC_NMI (acpi_id[0x6a] high edge lint[0x1])
2026-02-27T17:27:17.444361+00:00 srv-web-01 kernel: ACPI: LAPIC_NMI (acpi_id[0x6b] high edge lint[0x1])
2026-02-27T17:27:17.444373+00:00 srv-web-01 kernel: ACPI: LAPIC_NMI (acpi_id[0x6c] high edge lint[0x1])
2026-02-27T17:27:17.444375+00:00 srv-web-01 kernel: ACPI: LAPIC_NMI (acpi_id[0x6d] high edge lint[0x1])
2026-02-27T17:27:17.444376+00:00 srv-web-01 kernel: ACPI: LAPIC_NMI (acpi_id[0x6e] high edge lint[0x1])
2026-02-27T17:27:17.444377+00:00 srv-web-01 kernel: ACPI: LAPIC_NMI (acpi_id[0x6f] high edge lint[0x1])
2026-02-27T17:27:17.444379+00:00 srv-web-01 kernel: ACPI: LAPIC_NMI (acpi_id[0x70] high edge lint[0x1])
2026-02-27T17:27:17.444380+00:00 srv-web-01 kernel: ACPI: LAPIC_NMI (acpi_id[0x71] high edge lint[0x1])
2026-02-27T17:27:17.444381+00:00 srv-web-01 kernel: ACPI: LAPIC_NMI (acpi_id[0x72] high edge lint[0x1])
2026-02-27T17:27:17.444393+00:00 srv-web-01 kernel: ACPI: LAPIC_NMI (acpi_id[0x73] high edge lint[0x1])
2026-02-27T17:27:17.444394+00:00 srv-web-01 kernel: ACPI: LAPIC_NMI (acpi_id[0x74] high edge lint[0x1])
2026-02-27T17:27:17.444395+00:00 srv-web-01 kernel: ACPI: LAPIC_NMI (acpi_id[0x75] high edge lint[0x1])
2026-02-27T17:27:17.444397+00:00 srv-web-01 kernel: ACPI: LAPIC_NMI (acpi_id[0x76] high edge lint[0x1])
2026-02-27T17:27:17.444398+00:00 srv-web-01 kernel: ACPI: LAPIC_NMI (acpi_id[0x77] high edge lint[0x1])
2026-02-27T17:27:17.444400+00:00 srv-web-01 kernel: ACPI: LAPIC_NMI (acpi_id[0x78] high edge lint[0x1])
2026-02-27T17:27:17.444415+00:00 srv-web-01 kernel: ACPI: LAPIC_NMI (acpi_id[0x79] high edge lint[0x1])
2026-02-27T17:27:17.444417+00:00 srv-web-01 kernel: ACPI: LAPIC_NMI (acpi_id[0x7a] high edge lint[0x1])
2026-02-27T17:27:17.444418+00:00 srv-web-01 kernel: ACPI: LAPIC_NMI (acpi_id[0x7b] high edge lint[0x1])
2026-02-27T17:27:17.444420+00:00 srv-web-01 kernel: ACPI: LAPIC_NMI (acpi_id[0x7c] high edge lint[0x1])
2026-02-27T17:27:17.444421+00:00 srv-web-01 kernel: ACPI: LAPIC_NMI (acpi_id[0x7d] high edge lint[0x1])
2026-02-27T17:27:17.444422+00:00 srv-web-01 kernel: ACPI: LAPIC_NMI (acpi_id[0x7e] high edge lint[0x1])
2026-02-27T17:27:17.444423+00:00 srv-web-01 kernel: ACPI: LAPIC_NMI (acpi_id[0x7f] high edge lint[0x1])
2026-02-27T17:27:17.444435+00:00 srv-web-01 kernel: IOAPIC[0]: apic_id 1, version 32, address 0xfec00000, GSI 0-23
2026-02-27T17:27:17.444437+00:00 srv-web-01 kernel: ACPI: INT_SRC_OVR (bus 0 bus_irq 0 global_irq 2 high edge)
2026-02-27T17:27:17.444438+00:00 srv-web-01 kernel: ACPI: Using ACPI (MADT) for SMP configuration information
2026-02-27T17:27:17.444439+00:00 srv-web-01 kernel: ACPI: HPET id: 0x8086af01 base: 0xfed00000
2026-02-27T17:27:17.444440+00:00 srv-web-01 kernel: smpboot: Allowing 128 CPUs, 126 hotplug CPUs
2026-02-27T17:27:17.444442+00:00 srv-web-01 kernel: PM: hibernation: Registered nosave memory: [mem 0x00000000-0x00000fff]
2026-02-27T17:27:17.444454+00:00 srv-web-01 kernel: PM: hibernation: Registered nosave memory: [mem 0x0009e000-0x000fffff]
2026-02-27T17:27:17.444456+00:00 srv-web-01 kernel: PM: hibernation: Registered nosave memory: [mem 0xbfed0000-0xbfefffff]
2026-02-27T17:27:17.444457+00:00 srv-web-01 kernel: PM: hibernation: Registered nosave memory: [mem 0xc0000000-0xffffffff]
2026-02-27T17:27:17.444458+00:00 srv-web-01 kernel: [mem 0xc0000000-0xefffffff] available for PCI devices
2026-02-27T17:27:17.444460+00:00 srv-web-01 kernel: Booting paravirtualized kernel on VMware hypervisor
2026-02-27T17:27:17.444461+00:00 srv-web-01 kernel: clocksource: refined-jiffies: mask: 0xffffffff max_cycles: 0xffffffff, max_idle_ns: 1910969940391419 ns
2026-02-27T17:27:17.444474+00:00 srv-web-01 kernel: setup_percpu: NR_CPUS:8192 nr_cpumask_bits:128 nr_cpu_ids:128 nr_node_ids:1
2026-02-27T17:27:17.444475+00:00 srv-web-01 kernel: percpu: Embedded 86 pages/cpu s229376 r8192 d114688 u524288
2026-02-27T17:27:17.444477+00:00 srv-web-01 kernel: pcpu-alloc: s229376 r8192 d114688 u524288 alloc=1*2097152
2026-02-27T17:27:17.444478+00:00 srv-web-01 kernel: pcpu-alloc: [0] 000 001 002 003 [0] 004 005 006 007 
2026-02-27T17:27:17.444479+00:00 srv-web-01 kernel: pcpu-alloc: [0] 008 009 010 011 [0] 012 013 014 015 
2026-02-27T17:27:17.444481+00:00 srv-web-01 kernel: pcpu-alloc: [0] 016 017 018 019 [0] 020 021 022 023 
2026-02-27T17:27:17.444482+00:00 srv-web-01 kernel: pcpu-alloc: [0] 024 025 026 027 [0] 028 029 030 031 
2026-02-27T17:27:17.444494+00:00 srv-web-01 kernel: pcpu-alloc: [0] 032 033 034 035 [0] 036 037 038 039 
2026-02-27T17:27:17.444496+00:00 srv-web-01 kernel: pcpu-alloc: [0] 040 041 042 043 [0] 044 045 046 047 
2026-02-27T17:27:17.444497+00:00 srv-web-01 kernel: pcpu-alloc: [0] 048 049 050 051 [0] 052 053 054 055 
2026-02-27T17:27:17.444653+00:00 srv-web-01 kernel: pcpu-alloc: [0] 056 057 058 059 [0] 060 061 062 063 
2026-02-27T17:27:17.444655+00:00 srv-web-01 kernel: pcpu-alloc: [0] 064 065 066 067 [0] 068 069 070 071 
2026-02-27T17:27:17.444656+00:00 srv-web-01 kernel: pcpu-alloc: [0] 072 073 074 075 [0] 076 077 078 079 
2026-02-27T17:27:17.444668+00:00 srv-web-01 kernel: pcpu-alloc: [0] 080 081 082 083 [0] 084 085 086 087 
2026-02-27T17:27:17.444670+00:00 srv-web-01 kernel: pcpu-alloc: [0] 088 089 090 091 [0] 092 093 094 095 
2026-02-27T17:27:17.444671+00:00 srv-web-01 kernel: pcpu-alloc: [0] 096 097 098 099 [0] 100 101 102 103 
2026-02-27T17:27:17.444673+00:00 srv-web-01 kernel: pcpu-alloc: [0] 104 105 106 107 [0] 108 109 110 111 
2026-02-27T17:27:17.444674+00:00 srv-web-01 kernel: pcpu-alloc: [0] 112 113 114 115 [0] 116 117 118 119 
2026-02-27T17:27:17.444676+00:00 srv-web-01 kernel: pcpu-alloc: [0] 120 121 122 123 [0] 124 125 126 127 
2026-02-27T17:27:17.444688+00:00 srv-web-01 kernel: Kernel command line: BOOT_IMAGE=/vmlinuz-6.8.0-100-generic root=/dev/mapper/ubuntu--vg-ubuntu--lv ro
2026-02-27T17:27:17.444690+00:00 srv-web-01 kernel: Unknown kernel command line parameters "BOOT_IMAGE=/vmlinuz-6.8.0-100-generic", will be passed to user space.
2026-02-27T17:27:17.444692+00:00 srv-web-01 kernel: random: crng init done
2026-02-27T17:27:17.444693+00:00 srv-web-01 kernel: printk: log_buf_len individual max cpu contribution: 4096 bytes
2026-02-27T17:27:17.444695+00:00 srv-web-01 kernel: printk: log_buf_len total cpu_extra contributions: 520192 bytes
2026-02-27T17:27:17.444696+00:00 srv-web-01 kernel: printk: log_buf_len min size: 262144 bytes
2026-02-27T17:27:17.444703+00:00 srv-web-01 kernel: printk: log_buf_len: 1048576 bytes
2026-02-27T17:27:17.444711+00:00 srv-web-01 kernel: printk: early log buf free: 239160(91%)
2026-02-27T17:27:17.444713+00:00 srv-web-01 kernel: Dentry cache hash table entries: 524288 (order: 10, 4194304 bytes, linear)
2026-02-27T17:27:17.444714+00:00 srv-web-01 kernel: Inode-cache hash table entries: 262144 (order: 9, 2097152 bytes, linear)
2026-02-27T17:27:17.444716+00:00 srv-web-01 kernel: Fallback order for Node 0: 0 
2026-02-27T17:27:17.444717+00:00 srv-web-01 kernel: Built 1 zonelists, mobility grouping on.  Total pages: 1031888
2026-02-27T17:27:17.444718+00:00 srv-web-01 kernel: Policy zone: Normal
2026-02-27T17:27:17.444730+00:00 srv-web-01 kernel: mem auto-init: stack:all(zero), heap alloc:on, heap free:off
2026-02-27T17:27:17.444732+00:00 srv-web-01 kernel: software IO TLB: area num 128.
2026-02-27T17:27:17.444733+00:00 srv-web-01 kernel: Memory: 3881412K/4193716K available (22528K kernel code, 4439K rwdata, 14400K rodata, 4920K init, 4788K bss, 312044K reserved, 0K cma-reserved)
2026-02-27T17:27:17.444735+00:00 srv-web-01 kernel: SLUB: HWalign=64, Order=0-3, MinObjects=0, CPUs=128, Nodes=1
2026-02-27T17:27:17.444736+00:00 srv-web-01 kernel: Kernel/User page tables isolation: enabled
2026-02-27T17:27:17.444737+00:00 srv-web-01 kernel: ftrace: allocating 58250 entries in 228 pages
2026-02-27T17:27:17.444749+00:00 srv-web-01 kernel: ftrace: allocated 228 pages with 4 groups
2026-02-27T17:27:17.444751+00:00 srv-web-01 kernel: Dynamic Preempt: voluntary
2026-02-27T17:27:17.444752+00:00 srv-web-01 kernel: rcu: Preemptible hierarchical RCU implementation.
2026-02-27T17:27:17.444753+00:00 srv-web-01 kernel: rcu: 	RCU restricting CPUs from NR_CPUS=8192 to nr_cpu_ids=128.
2026-02-27T17:27:17.444754+00:00 srv-web-01 kernel: 	Trampoline variant of Tasks RCU enabled.
2026-02-27T17:27:17.444755+00:00 srv-web-01 kernel: 	Rude variant of Tasks RCU enabled.
2026-02-27T17:27:17.444768+00:00 srv-web-01 kernel: 	Tracing variant of Tasks RCU enabled.
2026-02-27T17:27:17.444769+00:00 srv-web-01 kernel: rcu: RCU calculated value of scheduler-enlistment delay is 100 jiffies.
2026-02-27T17:27:17.444771+00:00 srv-web-01 kernel: rcu: Adjusting geometry for rcu_fanout_leaf=16, nr_cpu_ids=128
2026-02-27T17:27:17.444772+00:00 srv-web-01 kernel: RCU Tasks: Setting shift to 7 and lim to 1 rcu_task_cb_adjust=1 rcu_task_cpu_ids=128.
2026-02-27T17:27:17.444773+00:00 srv-web-01 kernel: RCU Tasks Rude: Setting shift to 7 and lim to 1 rcu_task_cb_adjust=1 rcu_task_cpu_ids=128.
2026-02-27T17:27:17.444775+00:00 srv-web-01 kernel: RCU Tasks Trace: Setting shift to 7 and lim to 1 rcu_task_cb_adjust=1 rcu_task_cpu_ids=128.
2026-02-27T17:27:17.444776+00:00 srv-web-01 kernel: NR_IRQS: 524544, nr_irqs: 1448, preallocated irqs: 16
2026-02-27T17:27:17.444788+00:00 srv-web-01 kernel: rcu: srcu_init: Setting srcu_struct sizes to big.
2026-02-27T17:27:17.444789+00:00 srv-web-01 kernel: Console: colour VGA+ 80x25
2026-02-27T17:27:17.444790+00:00 srv-web-01 kernel: printk: legacy console [tty0] enabled
2026-02-27T17:27:17.444792+00:00 srv-web-01 kernel: ACPI: Core revision 20230628
2026-02-27T17:27:17.444793+00:00 srv-web-01 kernel: clocksource: hpet: mask: 0xffffffff max_cycles: 0xffffffff, max_idle_ns: 133484882848 ns
2026-02-27T17:27:17.444794+00:00 srv-web-01 kernel: APIC: Switch to symmetric I/O mode setup
2026-02-27T17:27:17.444806+00:00 srv-web-01 kernel: x2apic enabled
2026-02-27T17:27:17.444808+00:00 srv-web-01 kernel: APIC: Switched APIC routing to: physical x2apic
2026-02-27T17:27:17.444809+00:00 srv-web-01 kernel: ..TIMER: vector=0x30 apic1=0 pin1=2 apic2=-1 pin2=-1
2026-02-27T17:27:17.444811+00:00 srv-web-01 kernel: clocksource: tsc-early: mask: 0xffffffffffffffff max_cycles: 0x2b2d8c48c31, max_idle_ns: 440795243552 ns
2026-02-27T17:27:17.444812+00:00 srv-web-01 kernel: Calibrating delay loop (skipped) preset value.. 5990.93 BogoMIPS (lpj=2995468)
2026-02-27T17:27:17.444813+00:00 srv-web-01 kernel: x86/cpu: User Mode Instruction Prevention (UMIP) activated
2026-02-27T17:27:17.444826+00:00 srv-web-01 kernel: Last level iTLB entries: 4KB 0, 2MB 0, 4MB 0
2026-02-27T17:27:17.444827+00:00 srv-web-01 kernel: Last level dTLB entries: 4KB 0, 2MB 0, 4MB 0, 1GB 0
2026-02-27T17:27:17.444829+00:00 srv-web-01 kernel: Spectre V1 : Mitigation: usercopy/swapgs barriers and __user pointer sanitization
2026-02-27T17:27:17.444830+00:00 srv-web-01 kernel: Spectre V2 : Spectre BHI mitigation: SW BHB clearing on vm exit
2026-02-27T17:27:17.445786+00:00 srv-web-01 kernel: Spectre V2 : Spectre BHI mitigation: SW BHB clearing on syscall
2026-02-27T17:27:17.445800+00:00 srv-web-01 kernel: Spectre V2 : Mitigation: IBRS
2026-02-27T17:27:17.445801+00:00 srv-web-01 kernel: Spectre V2 : Spectre v2 / SpectreRSB: Filling RSB on context switch and VMEXIT
2026-02-27T17:27:17.445802+00:00 srv-web-01 kernel: RETBleed: Mitigation: IBRS
2026-02-27T17:27:17.445803+00:00 srv-web-01 kernel: Spectre V2 : mitigation: Enabling conditional Indirect Branch Prediction Barrier
2026-02-27T17:27:17.445804+00:00 srv-web-01 kernel: Speculative Store Bypass: Mitigation: Speculative Store Bypass disabled via prctl
2026-02-27T17:27:17.445805+00:00 srv-web-01 kernel: MDS: Mitigation: Clear CPU buffers
2026-02-27T17:27:17.445806+00:00 srv-web-01 kernel: GDS: Unknown: Dependent on hypervisor status
2026-02-27T17:27:17.445807+00:00 srv-web-01 kernel: ITS: WARNING: ITS mitigation depends on retpoline and rethunk support
2026-02-27T17:27:17.445808+00:00 srv-web-01 kernel: ITS: Vulnerable
2026-02-27T17:27:17.445809+00:00 srv-web-01 kernel: x86/fpu: Supporting XSAVE feature 0x001: 'x87 floating point registers'
2026-02-27T17:27:17.445810+00:00 srv-web-01 kernel: x86/fpu: Supporting XSAVE feature 0x002: 'SSE registers'
2026-02-27T17:27:17.445811+00:00 srv-web-01 kernel: x86/fpu: Supporting XSAVE feature 0x004: 'AVX registers'
2026-02-27T17:27:17.445811+00:00 srv-web-01 kernel: x86/fpu: Supporting XSAVE feature 0x020: 'AVX-512 opmask'
2026-02-27T17:27:17.445812+00:00 srv-web-01 kernel: x86/fpu: Supporting XSAVE feature 0x040: 'AVX-512 Hi256'
2026-02-27T17:27:17.445813+00:00 srv-web-01 kernel: x86/fpu: Supporting XSAVE feature 0x080: 'AVX-512 ZMM_Hi256'
2026-02-27T17:27:17.445814+00:00 srv-web-01 kernel: x86/fpu: xstate_offset[2]:  576, xstate_sizes[2]:  256
2026-02-27T17:27:17.445815+00:00 srv-web-01 kernel: x86/fpu: xstate_offset[5]:  832, xstate_sizes[5]:   64
2026-02-27T17:27:17.445816+00:00 srv-web-01 kernel: x86/fpu: xstate_offset[6]:  896, xstate_sizes[6]:  512
2026-02-27T17:27:17.445816+00:00 srv-web-01 kernel: x86/fpu: xstate_offset[7]: 1408, xstate_sizes[7]: 1024
2026-02-27T17:27:17.445817+00:00 srv-web-01 kernel: x86/fpu: Enabled xstate features 0xe7, context size is 2432 bytes, using 'compacted' format.
2026-02-27T17:27:17.445818+00:00 srv-web-01 kernel: Freeing SMP alternatives memory: 48K
2026-02-27T17:27:17.445819+00:00 srv-web-01 kernel: pid_max: default: 131072 minimum: 1024
2026-02-27T17:27:17.445820+00:00 srv-web-01 kernel: LSM: initializing lsm=lockdown,capability,landlock,yama,apparmor,integrity
2026-02-27T17:27:17.445820+00:00 srv-web-01 kernel: landlock: Up and running.
2026-02-27T17:27:17.445821+00:00 srv-web-01 kernel: Yama: becoming mindful.
2026-02-27T17:27:17.445822+00:00 srv-web-01 kernel: AppArmor: AppArmor initialized
2026-02-27T17:27:17.445823+00:00 srv-web-01 kernel: Mount-cache hash table entries: 8192 (order: 4, 65536 bytes, linear)
2026-02-27T17:27:17.445824+00:00 srv-web-01 kernel: Mountpoint-cache hash table entries: 8192 (order: 4, 65536 bytes, linear)
2026-02-27T17:27:17.445825+00:00 srv-web-01 kernel: smpboot: CPU0: 11th Gen Intel(R) Core(TM) i7-1185G7 @ 3.00GHz (family: 0x6, model: 0x8c, stepping: 0x1)
2026-02-27T17:27:17.445826+00:00 srv-web-01 kernel: Performance Events: Icelake events, core PMU driver.
2026-02-27T17:27:17.445827+00:00 srv-web-01 kernel: core: CPUID marked event: 'cpu cycles' unavailable
2026-02-27T17:27:17.445828+00:00 srv-web-01 kernel: core: CPUID marked event: 'instructions' unavailable
2026-02-27T17:27:17.445828+00:00 srv-web-01 kernel: core: CPUID marked event: 'bus cycles' unavailable
2026-02-27T17:27:17.445829+00:00 srv-web-01 kernel: core: CPUID marked event: 'cache references' unavailable
2026-02-27T17:27:17.445830+00:00 srv-web-01 kernel: core: CPUID marked event: 'cache misses' unavailable
2026-02-27T17:27:17.445831+00:00 srv-web-01 kernel: core: CPUID marked event: 'branch instructions' unavailable
2026-02-27T17:27:17.446068+00:00 srv-web-01 kernel: core: CPUID marked event: 'branch misses' unavailable
2026-02-27T17:27:17.446072+00:00 srv-web-01 kernel: ... version:                1
2026-02-27T17:27:17.446074+00:00 srv-web-01 kernel: ... bit width:              48
2026-02-27T17:27:17.446075+00:00 srv-web-01 kernel: ... generic registers:      8
2026-02-27T17:27:17.446076+00:00 srv-web-01 kernel: ... value mask:             0000ffffffffffff
2026-02-27T17:27:17.446077+00:00 srv-web-01 kernel: ... max period:             000000007fffffff
2026-02-27T17:27:17.446078+00:00 srv-web-01 kernel: ... fixed-purpose events:   0
2026-02-27T17:27:17.446079+00:00 srv-web-01 kernel: ... event mask:             00000000000000ff
2026-02-27T17:27:17.446080+00:00 srv-web-01 kernel: signal: max sigframe size: 3632
2026-02-27T17:27:17.446081+00:00 srv-web-01 kernel: rcu: Hierarchical SRCU implementation.
2026-02-27T17:27:17.446082+00:00 srv-web-01 kernel: rcu: 	Max phase no-delay instances is 400.
2026-02-27T17:27:17.446083+00:00 srv-web-01 kernel: NMI watchdog: Perf NMI watchdog permanently disabled
2026-02-27T17:27:17.446084+00:00 srv-web-01 kernel: smp: Bringing up secondary CPUs ...
2026-02-27T17:27:17.446084+00:00 srv-web-01 kernel: smpboot: x86: Booting SMP configuration:
2026-02-27T17:27:17.446085+00:00 srv-web-01 kernel: .... node  #0, CPUs:          #1
2026-02-27T17:27:17.446086+00:00 srv-web-01 kernel: smpboot: CPU 1 Converting physical 2 to logical package 1
2026-02-27T17:27:17.446087+00:00 srv-web-01 kernel: smpboot: CPU 1 Converting physical 0 to logical die 1
2026-02-27T17:27:17.446088+00:00 srv-web-01 kernel: smp: Brought up 1 node, 2 CPUs
2026-02-27T17:27:17.446218+00:00 srv-web-01 kernel: smpboot: Max logical packages: 128
2026-02-27T17:27:17.446221+00:00 srv-web-01 kernel: smpboot: Total of 2 processors activated (11981.87 BogoMIPS)
2026-02-27T17:27:17.446221+00:00 srv-web-01 kernel: devtmpfs: initialized
2026-02-27T17:27:17.446222+00:00 srv-web-01 kernel: x86/mm: Memory block size: 128MB
2026-02-27T17:27:17.446223+00:00 srv-web-01 kernel: ACPI: PM: Registering ACPI NVS region [mem 0xbfeff000-0xbfefffff] (4096 bytes)
2026-02-27T17:27:17.446224+00:00 srv-web-01 kernel: clocksource: jiffies: mask: 0xffffffff max_cycles: 0xffffffff, max_idle_ns: 1911260446275000 ns
2026-02-27T17:27:17.446225+00:00 srv-web-01 kernel: futex hash table entries: 32768 (order: 9, 2097152 bytes, linear)
2026-02-27T17:27:17.446226+00:00 srv-web-01 kernel: pinctrl core: initialized pinctrl subsystem
2026-02-27T17:27:17.446227+00:00 srv-web-01 kernel: PM: RTC time: 16:10:25, date: 2026-02-27
2026-02-27T17:27:17.446228+00:00 srv-web-01 kernel: NET: Registered PF_NETLINK/PF_ROUTE protocol family
2026-02-27T17:27:17.446229+00:00 srv-web-01 kernel: DMA: preallocated 512 KiB GFP_KERNEL pool for atomic allocations
2026-02-27T17:27:17.446229+00:00 srv-web-01 kernel: DMA: preallocated 512 KiB GFP_KERNEL|GFP_DMA pool for atomic allocations
2026-02-27T17:27:17.446231+00:00 srv-web-01 kernel: DMA: preallocated 512 KiB GFP_KERNEL|GFP_DMA32 pool for atomic allocations
2026-02-27T17:27:17.446232+00:00 srv-web-01 kernel: audit: initializing netlink subsys (disabled)
2026-02-27T17:27:17.446233+00:00 srv-web-01 kernel: audit: type=2000 audit(1772208624.252:1): state=initialized audit_enabled=0 res=1
2026-02-27T17:27:17.446233+00:00 srv-web-01 kernel: thermal_sys: Registered thermal governor 'fair_share'
2026-02-27T17:27:17.446234+00:00 srv-web-01 kernel: thermal_sys: Registered thermal governor 'bang_bang'
2026-02-27T17:27:17.446235+00:00 srv-web-01 kernel: thermal_sys: Registered thermal governor 'step_wise'
2026-02-27T17:27:17.446236+00:00 srv-web-01 kernel: thermal_sys: Registered thermal governor 'user_space'
2026-02-27T17:27:17.446237+00:00 srv-web-01 kernel: thermal_sys: Registered thermal governor 'power_allocator'
2026-02-27T17:27:17.446237+00:00 srv-web-01 kernel: cpuidle: using governor ladder
2026-02-27T17:27:17.446238+00:00 srv-web-01 kernel: cpuidle: using governor menu
2026-02-27T17:27:17.446239+00:00 srv-web-01 kernel: Simple Boot Flag at 0x36 set to 0x80
2026-02-27T17:27:17.446240+00:00 srv-web-01 kernel: acpiphp: ACPI Hot Plug PCI Controller Driver version: 0.5
2026-02-27T17:27:17.446241+00:00 srv-web-01 kernel: PCI: ECAM [mem 0xf0000000-0xf7ffffff] (base 0xf0000000) for domain 0000 [bus 00-7f]
2026-02-27T17:27:17.446241+00:00 srv-web-01 kernel: PCI: Using configuration type 1 for base access
2026-02-27T17:27:17.446243+00:00 srv-web-01 kernel: kprobes: kprobe jump-optimization is enabled. All kprobes are optimized if possible.
2026-02-27T17:27:17.446243+00:00 srv-web-01 kernel: HugeTLB: registered 1.00 GiB page size, pre-allocated 0 pages
2026-02-27T17:27:17.446253+00:00 srv-web-01 kernel: HugeTLB: 16380 KiB vmemmap can be freed for a 1.00 GiB page
2026-02-27T17:27:17.446254+00:00 srv-web-01 kernel: HugeTLB: registered 2.00 MiB page size, pre-allocated 0 pages
2026-02-27T17:27:17.446255+00:00 srv-web-01 kernel: HugeTLB: 28 KiB vmemmap can be freed for a 2.00 MiB page
2026-02-27T17:27:17.446256+00:00 srv-web-01 kernel: ACPI: Added _OSI(Module Device)
2026-02-27T17:27:17.446257+00:00 srv-web-01 kernel: ACPI: Added _OSI(Processor Device)
2026-02-27T17:27:17.446258+00:00 srv-web-01 kernel: ACPI: Added _OSI(Processor Aggregator Device)
2026-02-27T17:27:17.446258+00:00 srv-web-01 kernel: ACPI: 1 ACPI AML tables successfully acquired and loaded
2026-02-27T17:27:17.446259+00:00 srv-web-01 kernel: ACPI: [Firmware Bug]: BIOS _OSI(Linux) query ignored
2026-02-27T17:27:17.446260+00:00 srv-web-01 kernel: ACPI: _OSC evaluation for CPUs failed, trying _PDC
2026-02-27T17:27:17.446261+00:00 srv-web-01 kernel: ACPI: Interpreter enabled
2026-02-27T17:27:17.446261+00:00 srv-web-01 kernel: ACPI: PM: (supports S0 S1 S4 S5)
2026-02-27T17:27:17.446262+00:00 srv-web-01 kernel: ACPI: Using IOAPIC for interrupt routing
2026-02-27T17:27:17.446263+00:00 srv-web-01 kernel: PCI: Using host bridge windows from ACPI; if necessary, use "pci=nocrs" and report a bug
2026-02-27T17:27:17.446264+00:00 srv-web-01 kernel: PCI: Using E820 reservations for host bridge windows
2026-02-27T17:27:17.446264+00:00 srv-web-01 kernel: ACPI: Enabled 4 GPEs in block 00 to 0F
2026-02-27T17:27:17.446265+00:00 srv-web-01 kernel: ACPI: PCI Root Bridge [PCI0] (domain 0000 [bus 00-7f])
2026-02-27T17:27:17.446266+00:00 srv-web-01 kernel: acpi PNP0A03:00: _OSC: OS supports [ExtendedConfig ASPM ClockPM Segments MSI EDR HPX-Type3]
2026-02-27T17:27:17.446267+00:00 srv-web-01 kernel: acpi PNP0A03:00: _OSC: platform does not support [AER LTR DPC]
2026-02-27T17:27:17.446268+00:00 srv-web-01 kernel: acpi PNP0A03:00: _OSC: OS now controls [PCIeHotplug SHPCHotplug PME PCIeCapability]
2026-02-27T17:27:17.446269+00:00 srv-web-01 kernel: PCI host bridge to bus 0000:00
2026-02-27T17:27:17.446269+00:00 srv-web-01 kernel: pci_bus 0000:00: root bus resource [mem 0x000a0000-0x000bffff window]
2026-02-27T17:27:17.446270+00:00 srv-web-01 kernel: pci_bus 0000:00: root bus resource [mem 0x000d0000-0x000dbfff window]
2026-02-27T17:27:17.446271+00:00 srv-web-01 kernel: pci_bus 0000:00: root bus resource [mem 0xc0000000-0xfebfffff window]
2026-02-27T17:27:17.446272+00:00 srv-web-01 kernel: pci_bus 0000:00: root bus resource [io  0x0000-0x0cf7 window]
2026-02-27T17:27:17.446273+00:00 srv-web-01 kernel: pci_bus 0000:00: root bus resource [io  0x0d00-0xfeff window]
2026-02-27T17:27:17.446274+00:00 srv-web-01 kernel: pci_bus 0000:00: root bus resource [bus 00-7f]
2026-02-27T17:27:17.446275+00:00 srv-web-01 kernel: pci 0000:00:00.0: [8086:7190] type 00 class 0x060000 conventional PCI endpoint
2026-02-27T17:27:17.446276+00:00 srv-web-01 kernel: pci 0000:00:01.0: [8086:7191] type 01 class 0x060400 conventional PCI bridge
2026-02-27T17:27:17.446276+00:00 srv-web-01 kernel: pci 0000:00:01.0: PCI bridge to [bus 01]
2026-02-27T17:27:17.446277+00:00 srv-web-01 kernel: pci 0000:00:07.0: [8086:7110] type 00 class 0x060100 conventional PCI endpoint
2026-02-27T17:27:17.446278+00:00 srv-web-01 kernel: pci 0000:00:07.1: [8086:7111] type 00 class 0x01018a conventional PCI endpoint
2026-02-27T17:27:17.446279+00:00 srv-web-01 kernel: pci 0000:00:07.1: BAR 4 [io  0x1060-0x106f]
2026-02-27T17:27:17.446279+00:00 srv-web-01 kernel: pci 0000:00:07.1: BAR 0 [io  0x01f0-0x01f7]: legacy IDE quirk
2026-02-27T17:27:17.446280+00:00 srv-web-01 kernel: pci 0000:00:07.1: BAR 1 [io  0x03f6]: legacy IDE quirk
2026-02-27T17:27:17.446281+00:00 srv-web-01 kernel: pci 0000:00:07.1: BAR 2 [io  0x0170-0x0177]: legacy IDE quirk
2026-02-27T17:27:17.446282+00:00 srv-web-01 kernel: pci 0000:00:07.1: BAR 3 [io  0x0376]: legacy IDE quirk
2026-02-27T17:27:17.446283+00:00 srv-web-01 kernel: pci 0000:00:07.3: [8086:7113] type 00 class 0x068000 conventional PCI endpoint
2026-02-27T17:27:17.446283+00:00 srv-web-01 kernel: pci 0000:00:07.3: quirk: [io  0x1000-0x103f] claimed by PIIX4 ACPI
2026-02-27T17:27:17.446284+00:00 srv-web-01 kernel: pci 0000:00:07.3: quirk: [io  0x1040-0x104f] claimed by PIIX4 SMB
2026-02-27T17:27:17.446285+00:00 srv-web-01 kernel: pci 0000:00:07.7: [15ad:0740] type 00 class 0x088000 conventional PCI endpoint
2026-02-27T17:27:17.446286+00:00 srv-web-01 kernel: pci 0000:00:07.7: BAR 0 [io  0x1080-0x10bf]
2026-02-27T17:27:17.446287+00:00 srv-web-01 kernel: pci 0000:00:07.7: BAR 1 [mem 0xfebfe000-0xfebfffff 64bit]
2026-02-27T17:27:17.446287+00:00 srv-web-01 kernel: pci 0000:00:0f.0: [15ad:0405] type 00 class 0x030000 conventional PCI endpoint
2026-02-27T17:27:17.446288+00:00 srv-web-01 kernel: pci 0000:00:0f.0: BAR 0 [io  0x1070-0x107f]
2026-02-27T17:27:17.446289+00:00 srv-web-01 kernel: pci 0000:00:0f.0: BAR 1 [mem 0xe8000000-0xefffffff pref]
2026-02-27T17:27:17.446290+00:00 srv-web-01 kernel: pci 0000:00:0f.0: BAR 2 [mem 0xfe000000-0xfe7fffff]
2026-02-27T17:27:17.446291+00:00 srv-web-01 kernel: pci 0000:00:0f.0: ROM [mem 0x00000000-0x00007fff pref]
2026-02-27T17:27:17.446291+00:00 srv-web-01 kernel: pci 0000:00:0f.0: Video device with shadowed ROM at [mem 0x000c0000-0x000dffff]
2026-02-27T17:27:17.446292+00:00 srv-web-01 kernel: pci 0000:00:10.0: [1000:0030] type 00 class 0x010000 conventional PCI endpoint
2026-02-27T17:27:17.446293+00:00 srv-web-01 kernel: pci 0000:00:10.0: BAR 0 [io  0x1400-0x14ff]
2026-02-27T17:27:17.446294+00:00 srv-web-01 kernel: pci 0000:00:10.0: BAR 1 [mem 0xfeba0000-0xfebbffff 64bit]
2026-02-27T17:27:17.446294+00:00 srv-web-01 kernel: pci 0000:00:10.0: BAR 3 [mem 0xfebc0000-0xfebdffff 64bit]
2026-02-27T17:27:17.446295+00:00 srv-web-01 kernel: pci 0000:00:10.0: ROM [mem 0x00000000-0x00003fff pref]
2026-02-27T17:27:17.446296+00:00 srv-web-01 kernel: pci 0000:00:11.0: [15ad:0790] type 01 class 0x060401 conventional PCI bridge
2026-02-27T17:27:17.446297+00:00 srv-web-01 kernel: pci 0000:00:11.0: PCI bridge to [bus 02] (subtractive decode)
2026-02-27T17:27:17.446298+00:00 srv-web-01 kernel: pci 0000:00:11.0:   bridge window [io  0x2000-0x3fff]
2026-02-27T17:27:17.446298+00:00 srv-web-01 kernel: pci 0000:00:11.0:   bridge window [mem 0xfd500000-0xfdffffff]
2026-02-27T17:27:17.446299+00:00 srv-web-01 kernel: pci 0000:00:11.0:   bridge window [mem 0xe7b00000-0xe7ffffff 64bit pref]
2026-02-27T17:27:17.446300+00:00 srv-web-01 kernel: pci 0000:00:15.0: [15ad:07a0] type 01 class 0x060400 PCIe Root Port
2026-02-27T17:27:17.446301+00:00 srv-web-01 kernel: pci 0000:00:15.0: PCI bridge to [bus 03]
2026-02-27T17:27:17.446301+00:00 srv-web-01 kernel: pci 0000:00:15.0:   bridge window [io  0x4000-0x4fff]
2026-02-27T17:27:17.446302+00:00 srv-web-01 kernel: pci 0000:00:15.0:   bridge window [mem 0xfd400000-0xfd4fffff]
2026-02-27T17:27:17.446303+00:00 srv-web-01 kernel: pci 0000:00:15.0:   bridge window [mem 0xe7a00000-0xe7afffff 64bit pref]
2026-02-27T17:27:17.446304+00:00 srv-web-01 kernel: pci 0000:00:15.0: PME# supported from D0 D3hot D3cold
2026-02-27T17:27:17.446305+00:00 srv-web-01 kernel: pci 0000:00:15.1: [15ad:07a0] type 01 class 0x060400 PCIe Root Port
2026-02-27T17:27:17.446305+00:00 srv-web-01 kernel: pci 0000:00:15.1: PCI bridge to [bus 04]
2026-02-27T17:27:17.446306+00:00 srv-web-01 kernel: pci 0000:00:15.1:   bridge window [io  0x8000-0x8fff]
2026-02-27T17:27:17.446307+00:00 srv-web-01 kernel: pci 0000:00:15.1:   bridge window [mem 0xfd000000-0xfd0fffff]
2026-02-27T17:27:17.446308+00:00 srv-web-01 kernel: pci 0000:00:15.1:   bridge window [mem 0xe7600000-0xe76fffff 64bit pref]
2026-02-27T17:27:17.446309+00:00 srv-web-01 kernel: pci 0000:00:15.1: PME# supported from D0 D3hot D3cold
2026-02-27T17:27:17.446310+00:00 srv-web-01 kernel: pci 0000:00:15.2: [15ad:07a0] type 01 class 0x060400 PCIe Root Port
2026-02-27T17:27:17.446310+00:00 srv-web-01 kernel: pci 0000:00:15.2: PCI bridge to [bus 05]
2026-02-27T17:27:17.446311+00:00 srv-web-01 kernel: pci 0000:00:15.2:   bridge window [io  0xc000-0xcfff]
2026-02-27T17:27:17.446312+00:00 srv-web-01 kernel: pci 0000:00:15.2:   bridge window [mem 0xfcc00000-0xfccfffff]
2026-02-27T17:27:17.446313+00:00 srv-web-01 kernel: pci 0000:00:15.2:   bridge window [mem 0xe7200000-0xe72fffff 64bit pref]
2026-02-27T17:27:17.446313+00:00 srv-web-01 kernel: pci 0000:00:15.2: PME# supported from D0 D3hot D3cold
2026-02-27T17:27:17.446314+00:00 srv-web-01 kernel: pci 0000:00:15.3: [15ad:07a0] type 01 class 0x060400 PCIe Root Port
2026-02-27T17:27:17.446395+00:00 srv-web-01 kernel: pci 0000:00:15.3: PCI bridge to [bus 06]
2026-02-27T17:27:17.446396+00:00 srv-web-01 kernel: pci 0000:00:15.3:   bridge window [mem 0xfc800000-0xfc8fffff]
2026-02-27T17:27:17.446397+00:00 srv-web-01 kernel: pci 0000:00:15.3:   bridge window [mem 0xe6e00000-0xe6efffff 64bit pref]
2026-02-27T17:27:17.446398+00:00 srv-web-01 kernel: pci 0000:00:15.3: PME# supported from D0 D3hot D3cold
2026-02-27T17:27:17.446399+00:00 srv-web-01 kernel: pci 0000:00:15.4: [15ad:07a0] type 01 class 0x060400 PCIe Root Port
2026-02-27T17:27:17.446400+00:00 srv-web-01 kernel: pci 0000:00:15.4: PCI bridge to [bus 07]
2026-02-27T17:27:17.446401+00:00 srv-web-01 kernel: pci 0000:00:15.4:   bridge window [mem 0xfc400000-0xfc4fffff]
2026-02-27T17:27:17.446401+00:00 srv-web-01 kernel: pci 0000:00:15.4:   bridge window [mem 0xe6a00000-0xe6afffff 64bit pref]
2026-02-27T17:27:17.446402+00:00 srv-web-01 kernel: pci 0000:00:15.4: PME# supported from D0 D3hot D3cold
2026-02-27T17:27:17.446403+00:00 srv-web-01 kernel: pci 0000:00:15.5: [15ad:07a0] type 01 class 0x060400 PCIe Root Port
2026-02-27T17:27:17.446404+00:00 srv-web-01 kernel: pci 0000:00:15.5: PCI bridge to [bus 08]
2026-02-27T17:27:17.446404+00:00 srv-web-01 kernel: pci 0000:00:15.5:   bridge window [mem 0xfc000000-0xfc0fffff]
2026-02-27T17:27:17.446405+00:00 srv-web-01 kernel: pci 0000:00:15.5:   bridge window [mem 0xe6600000-0xe66fffff 64bit pref]
2026-02-27T17:27:17.446406+00:00 srv-web-01 kernel: pci 0000:00:15.5: PME# supported from D0 D3hot D3cold
2026-02-27T17:27:17.446407+00:00 srv-web-01 kernel: pci 0000:00:15.6: [15ad:07a0] type 01 class 0x060400 PCIe Root Port
2026-02-27T17:27:17.446407+00:00 srv-web-01 kernel: pci 0000:00:15.6: PCI bridge to [bus 09]
2026-02-27T17:27:17.446408+00:00 srv-web-01 kernel: pci 0000:00:15.6:   bridge window [mem 0xfbc00000-0xfbcfffff]
2026-02-27T17:27:17.446409+00:00 srv-web-01 kernel: pci 0000:00:15.6:   bridge window [mem 0xe6200000-0xe62fffff 64bit pref]
2026-02-27T17:27:17.446410+00:00 srv-web-01 kernel: pci 0000:00:15.6: PME# supported from D0 D3hot D3cold
2026-02-27T17:27:17.446410+00:00 srv-web-01 kernel: pci 0000:00:15.7: [15ad:07a0] type 01 class 0x060400 PCIe Root Port
2026-02-27T17:27:17.446411+00:00 srv-web-01 kernel: pci 0000:00:15.7: PCI bridge to [bus 0a]
2026-02-27T17:27:17.446412+00:00 srv-web-01 kernel: pci 0000:00:15.7:   bridge window [mem 0xfb800000-0xfb8fffff]
2026-02-27T17:27:17.446413+00:00 srv-web-01 kernel: pci 0000:00:15.7:   bridge window [mem 0xe5e00000-0xe5efffff 64bit pref]
2026-02-27T17:27:17.446413+00:00 srv-web-01 kernel: pci 0000:00:15.7: PME# supported from D0 D3hot D3cold
2026-02-27T17:27:17.446414+00:00 srv-web-01 kernel: pci 0000:00:16.0: [15ad:07a0] type 01 class 0x060400 PCIe Root Port
2026-02-27T17:27:17.446415+00:00 srv-web-01 kernel: pci 0000:00:16.0: PCI bridge to [bus 0b]
2026-02-27T17:27:17.446416+00:00 srv-web-01 kernel: pci 0000:00:16.0:   bridge window [io  0x5000-0x5fff]
2026-02-27T17:27:17.446416+00:00 srv-web-01 kernel: pci 0000:00:16.0:   bridge window [mem 0xfd300000-0xfd3fffff]
2026-02-27T17:27:17.446417+00:00 srv-web-01 kernel: pci 0000:00:16.0:   bridge window [mem 0xe7900000-0xe79fffff 64bit pref]
2026-02-27T17:27:17.446418+00:00 srv-web-01 kernel: pci 0000:00:16.0: PME# supported from D0 D3hot D3cold
2026-02-27T17:27:17.446419+00:00 srv-web-01 kernel: pci 0000:00:16.1: [15ad:07a0] type 01 class 0x060400 PCIe Root Port
2026-02-27T17:27:17.446420+00:00 srv-web-01 kernel: pci 0000:00:16.1: PCI bridge to [bus 0c]
2026-02-27T17:27:17.446420+00:00 srv-web-01 kernel: pci 0000:00:16.1:   bridge window [io  0x9000-0x9fff]
2026-02-27T17:27:17.446421+00:00 srv-web-01 kernel: pci 0000:00:16.1:   bridge window [mem 0xfcf00000-0xfcffffff]
2026-02-27T17:27:17.446422+00:00 srv-web-01 kernel: pci 0000:00:16.1:   bridge window [mem 0xe7500000-0xe75fffff 64bit pref]
2026-02-27T17:27:17.446423+00:00 srv-web-01 kernel: pci 0000:00:16.1: PME# supported from D0 D3hot D3cold
2026-02-27T17:27:17.446423+00:00 srv-web-01 kernel: pci 0000:00:16.2: [15ad:07a0] type 01 class 0x060400 PCIe Root Port
2026-02-27T17:27:17.446424+00:00 srv-web-01 kernel: pci 0000:00:16.2: PCI bridge to [bus 0d]
2026-02-27T17:27:17.446425+00:00 srv-web-01 kernel: pci 0000:00:16.2:   bridge window [io  0xd000-0xdfff]
2026-02-27T17:27:17.446425+00:00 srv-web-01 kernel: pci 0000:00:16.2:   bridge window [mem 0xfcb00000-0xfcbfffff]
2026-02-27T17:27:17.446426+00:00 srv-web-01 kernel: pci 0000:00:16.2:   bridge window [mem 0xe7100000-0xe71fffff 64bit pref]
2026-02-27T17:27:17.446427+00:00 srv-web-01 kernel: pci 0000:00:16.2: PME# supported from D0 D3hot D3cold
2026-02-27T17:27:17.446428+00:00 srv-web-01 kernel: pci 0000:00:16.3: [15ad:07a0] type 01 class 0x060400 PCIe Root Port
2026-02-27T17:27:17.446429+00:00 srv-web-01 kernel: pci 0000:00:16.3: PCI bridge to [bus 0e]
2026-02-27T17:27:17.446429+00:00 srv-web-01 kernel: pci 0000:00:16.3:   bridge window [mem 0xfc700000-0xfc7fffff]
2026-02-27T17:27:17.446430+00:00 srv-web-01 kernel: pci 0000:00:16.3:   bridge window [mem 0xe6d00000-0xe6dfffff 64bit pref]
2026-02-27T17:27:17.446431+00:00 srv-web-01 kernel: pci 0000:00:16.3: PME# supported from D0 D3hot D3cold
2026-02-27T17:27:17.446432+00:00 srv-web-01 kernel: pci 0000:00:16.4: [15ad:07a0] type 01 class 0x060400 PCIe Root Port
2026-02-27T17:27:17.446432+00:00 srv-web-01 kernel: pci 0000:00:16.4: PCI bridge to [bus 0f]
2026-02-27T17:27:17.446433+00:00 srv-web-01 kernel: pci 0000:00:16.4:   bridge window [mem 0xfc300000-0xfc3fffff]
2026-02-27T17:27:17.446434+00:00 srv-web-01 kernel: pci 0000:00:16.4:   bridge window [mem 0xe6900000-0xe69fffff 64bit pref]
2026-02-27T17:27:17.446435+00:00 srv-web-01 kernel: pci 0000:00:16.4: PME# supported from D0 D3hot D3cold
2026-02-27T17:27:17.446435+00:00 srv-web-01 kernel: pci 0000:00:16.5: [15ad:07a0] type 01 class 0x060400 PCIe Root Port
2026-02-27T17:27:17.446436+00:00 srv-web-01 kernel: pci 0000:00:16.5: PCI bridge to [bus 10]
2026-02-27T17:27:17.446437+00:00 srv-web-01 kernel: pci 0000:00:16.5:   bridge window [mem 0xfbf00000-0xfbffffff]
2026-02-27T17:27:17.446438+00:00 srv-web-01 kernel: pci 0000:00:16.5:   bridge window [mem 0xe6500000-0xe65fffff 64bit pref]
2026-02-27T17:27:17.446439+00:00 srv-web-01 kernel: pci 0000:00:16.5: PME# supported from D0 D3hot D3cold
2026-02-27T17:27:17.446439+00:00 srv-web-01 kernel: pci 0000:00:16.6: [15ad:07a0] type 01 class 0x060400 PCIe Root Port
2026-02-27T17:27:17.446440+00:00 srv-web-01 kernel: pci 0000:00:16.6: PCI bridge to [bus 11]
2026-02-27T17:27:17.446441+00:00 srv-web-01 kernel: pci 0000:00:16.6:   bridge window [mem 0xfbb00000-0xfbbfffff]
2026-02-27T17:27:17.446442+00:00 srv-web-01 kernel: pci 0000:00:16.6:   bridge window [mem 0xe6100000-0xe61fffff 64bit pref]
2026-02-27T17:27:17.446442+00:00 srv-web-01 kernel: pci 0000:00:16.6: PME# supported from D0 D3hot D3cold
2026-02-27T17:27:17.446443+00:00 srv-web-01 kernel: pci 0000:00:16.7: [15ad:07a0] type 01 class 0x060400 PCIe Root Port
2026-02-27T17:27:17.446444+00:00 srv-web-01 kernel: pci 0000:00:16.7: PCI bridge to [bus 12]
2026-02-27T17:27:17.446445+00:00 srv-web-01 kernel: pci 0000:00:16.7:   bridge window [mem 0xfb700000-0xfb7fffff]
2026-02-27T17:27:17.446445+00:00 srv-web-01 kernel: pci 0000:00:16.7:   bridge window [mem 0xe5d00000-0xe5dfffff 64bit pref]
2026-02-27T17:27:17.446446+00:00 srv-web-01 kernel: pci 0000:00:16.7: PME# supported from D0 D3hot D3cold
2026-02-27T17:27:17.446447+00:00 srv-web-01 kernel: pci 0000:00:17.0: [15ad:07a0] type 01 class 0x060400 PCIe Root Port
2026-02-27T17:27:17.446448+00:00 srv-web-01 kernel: pci 0000:00:17.0: PCI bridge to [bus 13]
2026-02-27T17:27:17.446448+00:00 srv-web-01 kernel: pci 0000:00:17.0:   bridge window [io  0x6000-0x6fff]
2026-02-27T17:27:17.446449+00:00 srv-web-01 kernel: pci 0000:00:17.0:   bridge window [mem 0xfd200000-0xfd2fffff]
2026-02-27T17:27:17.446450+00:00 srv-web-01 kernel: pci 0000:00:17.0:   bridge window [mem 0xe7800000-0xe78fffff 64bit pref]
2026-02-27T17:27:17.446451+00:00 srv-web-01 kernel: pci 0000:00:17.0: PME# supported from D0 D3hot D3cold
2026-02-27T17:27:17.446451+00:00 srv-web-01 kernel: pci 0000:00:17.1: [15ad:07a0] type 01 class 0x060400 PCIe Root Port
2026-02-27T17:27:17.446452+00:00 srv-web-01 kernel: pci 0000:00:17.1: PCI bridge to [bus 14]
2026-02-27T17:27:17.446453+00:00 srv-web-01 kernel: pci 0000:00:17.1:   bridge window [io  0xa000-0xafff]
2026-02-27T17:27:17.446454+00:00 srv-web-01 kernel: pci 0000:00:17.1:   bridge window [mem 0xfce00000-0xfcefffff]
2026-02-27T17:27:17.446455+00:00 srv-web-01 kernel: pci 0000:00:17.1:   bridge window [mem 0xe7400000-0xe74fffff 64bit pref]
2026-02-27T17:27:17.446455+00:00 srv-web-01 kernel: pci 0000:00:17.1: PME# supported from D0 D3hot D3cold
2026-02-27T17:27:17.446456+00:00 srv-web-01 kernel: pci 0000:00:17.2: [15ad:07a0] type 01 class 0x060400 PCIe Root Port
2026-02-27T17:27:17.446457+00:00 srv-web-01 kernel: pci 0000:00:17.2: PCI bridge to [bus 15]
2026-02-27T17:27:17.446458+00:00 srv-web-01 kernel: pci 0000:00:17.2:   bridge window [io  0xe000-0xefff]
2026-02-27T17:27:17.446459+00:00 srv-web-01 kernel: pci 0000:00:17.2:   bridge window [mem 0xfca00000-0xfcafffff]
2026-02-27T17:27:17.446459+00:00 srv-web-01 kernel: pci 0000:00:17.2:   bridge window [mem 0xe7000000-0xe70fffff 64bit pref]
2026-02-27T17:27:17.446460+00:00 srv-web-01 kernel: pci 0000:00:17.2: PME# supported from D0 D3hot D3cold
2026-02-27T17:27:17.446461+00:00 srv-web-01 kernel: pci 0000:00:17.3: [15ad:07a0] type 01 class 0x060400 PCIe Root Port
2026-02-27T17:27:17.446462+00:00 srv-web-01 kernel: pci 0000:00:17.3: PCI bridge to [bus 16]
2026-02-27T17:27:17.446462+00:00 srv-web-01 kernel: pci 0000:00:17.3:   bridge window [mem 0xfc600000-0xfc6fffff]
2026-02-27T17:27:17.446463+00:00 srv-web-01 kernel: pci 0000:00:17.3:   bridge window [mem 0xe6c00000-0xe6cfffff 64bit pref]
2026-02-27T17:27:17.446464+00:00 srv-web-01 kernel: pci 0000:00:17.3: PME# supported from D0 D3hot D3cold
2026-02-27T17:27:17.446465+00:00 srv-web-01 kernel: pci 0000:00:17.4: [15ad:07a0] type 01 class 0x060400 PCIe Root Port
2026-02-27T17:27:17.446465+00:00 srv-web-01 kernel: pci 0000:00:17.4: PCI bridge to [bus 17]
2026-02-27T17:27:17.446466+00:00 srv-web-01 kernel: pci 0000:00:17.4:   bridge window [mem 0xfc200000-0xfc2fffff]
2026-02-27T17:27:17.446467+00:00 srv-web-01 kernel: pci 0000:00:17.4:   bridge window [mem 0xe6800000-0xe68fffff 64bit pref]
2026-02-27T17:27:17.446468+00:00 srv-web-01 kernel: pci 0000:00:17.4: PME# supported from D0 D3hot D3cold
2026-02-27T17:27:17.446468+00:00 srv-web-01 kernel: pci 0000:00:17.5: [15ad:07a0] type 01 class 0x060400 PCIe Root Port
2026-02-27T17:27:17.446469+00:00 srv-web-01 kernel: pci 0000:00:17.5: PCI bridge to [bus 18]
2026-02-27T17:27:17.446470+00:00 srv-web-01 kernel: pci 0000:00:17.5:   bridge window [mem 0xfbe00000-0xfbefffff]
2026-02-27T17:27:17.446471+00:00 srv-web-01 kernel: pci 0000:00:17.5:   bridge window [mem 0xe6400000-0xe64fffff 64bit pref]
2026-02-27T17:27:17.446472+00:00 srv-web-01 kernel: pci 0000:00:17.5: PME# supported from D0 D3hot D3cold
2026-02-27T17:27:17.446472+00:00 srv-web-01 kernel: pci 0000:00:17.6: [15ad:07a0] type 01 class 0x060400 PCIe Root Port
2026-02-27T17:27:17.446473+00:00 srv-web-01 kernel: pci 0000:00:17.6: PCI bridge to [bus 19]
2026-02-27T17:27:17.446474+00:00 srv-web-01 kernel: pci 0000:00:17.6:   bridge window [mem 0xfba00000-0xfbafffff]
2026-02-27T17:27:17.446475+00:00 srv-web-01 kernel: pci 0000:00:17.6:   bridge window [mem 0xe6000000-0xe60fffff 64bit pref]
2026-02-27T17:27:17.446562+00:00 srv-web-01 kernel: pci 0000:00:17.6: PME# supported from D0 D3hot D3cold
2026-02-27T17:27:17.446563+00:00 srv-web-01 kernel: pci 0000:00:17.7: [15ad:07a0] type 01 class 0x060400 PCIe Root Port
2026-02-27T17:27:17.446564+00:00 srv-web-01 kernel: pci 0000:00:17.7: PCI bridge to [bus 1a]
2026-02-27T17:27:17.446564+00:00 srv-web-01 kernel: pci 0000:00:17.7:   bridge window [mem 0xfb600000-0xfb6fffff]
2026-02-27T17:27:17.446565+00:00 srv-web-01 kernel: pci 0000:00:17.7:   bridge window [mem 0xe5c00000-0xe5cfffff 64bit pref]
2026-02-27T17:27:17.446566+00:00 srv-web-01 kernel: pci 0000:00:17.7: PME# supported from D0 D3hot D3cold
2026-02-27T17:27:17.446567+00:00 srv-web-01 kernel: pci 0000:00:18.0: [15ad:07a0] type 01 class 0x060400 PCIe Root Port
2026-02-27T17:27:17.446567+00:00 srv-web-01 kernel: pci 0000:00:18.0: PCI bridge to [bus 1b]
2026-02-27T17:27:17.446568+00:00 srv-web-01 kernel: pci 0000:00:18.0:   bridge window [io  0x7000-0x7fff]
2026-02-27T17:27:17.446569+00:00 srv-web-01 kernel: pci 0000:00:18.0:   bridge window [mem 0xfd100000-0xfd1fffff]
2026-02-27T17:27:17.446570+00:00 srv-web-01 kernel: pci 0000:00:18.0:   bridge window [mem 0xe7700000-0xe77fffff 64bit pref]
2026-02-27T17:27:17.446571+00:00 srv-web-01 kernel: pci 0000:00:18.0: PME# supported from D0 D3hot D3cold
2026-02-27T17:27:17.446571+00:00 srv-web-01 kernel: pci 0000:00:18.1: [15ad:07a0] type 01 class 0x060400 PCIe Root Port
2026-02-27T17:27:17.446572+00:00 srv-web-01 kernel: pci 0000:00:18.1: PCI bridge to [bus 1c]
2026-02-27T17:27:17.446573+00:00 srv-web-01 kernel: pci 0000:00:18.1:   bridge window [io  0xb000-0xbfff]
2026-02-27T17:27:17.446574+00:00 srv-web-01 kernel: pci 0000:00:18.1:   bridge window [mem 0xfcd00000-0xfcdfffff]
2026-02-27T17:27:17.446575+00:00 srv-web-01 kernel: pci 0000:00:18.1:   bridge window [mem 0xe7300000-0xe73fffff 64bit pref]
2026-02-27T17:27:17.446575+00:00 srv-web-01 kernel: pci 0000:00:18.1: PME# supported from D0 D3hot D3cold
2026-02-27T17:27:17.446576+00:00 srv-web-01 kernel: pci 0000:00:18.2: [15ad:07a0] type 01 class 0x060400 PCIe Root Port
2026-02-27T17:27:17.446577+00:00 srv-web-01 kernel: pci 0000:00:18.2: PCI bridge to [bus 1d]
2026-02-27T17:27:17.446578+00:00 srv-web-01 kernel: pci 0000:00:18.2:   bridge window [mem 0xfc900000-0xfc9fffff]
2026-02-27T17:27:17.446578+00:00 srv-web-01 kernel: pci 0000:00:18.2:   bridge window [mem 0xe6f00000-0xe6ffffff 64bit pref]
2026-02-27T17:27:17.446579+00:00 srv-web-01 kernel: pci 0000:00:18.2: PME# supported from D0 D3hot D3cold
2026-02-27T17:27:17.446580+00:00 srv-web-01 kernel: pci 0000:00:18.3: [15ad:07a0] type 01 class 0x060400 PCIe Root Port
2026-02-27T17:27:17.446581+00:00 srv-web-01 kernel: pci 0000:00:18.3: PCI bridge to [bus 1e]
2026-02-27T17:27:17.446581+00:00 srv-web-01 kernel: pci 0000:00:18.3:   bridge window [mem 0xfc500000-0xfc5fffff]
2026-02-27T17:27:17.446582+00:00 srv-web-01 kernel: pci 0000:00:18.3:   bridge window [mem 0xe6b00000-0xe6bfffff 64bit pref]
2026-02-27T17:27:17.446583+00:00 srv-web-01 kernel: pci 0000:00:18.3: PME# supported from D0 D3hot D3cold
2026-02-27T17:27:17.446584+00:00 srv-web-01 kernel: pci 0000:00:18.4: [15ad:07a0] type 01 class 0x060400 PCIe Root Port
2026-02-27T17:27:17.446585+00:00 srv-web-01 kernel: pci 0000:00:18.4: PCI bridge to [bus 1f]
2026-02-27T17:27:17.446586+00:00 srv-web-01 kernel: pci 0000:00:18.4:   bridge window [mem 0xfc100000-0xfc1fffff]
2026-02-27T17:27:17.446586+00:00 srv-web-01 kernel: pci 0000:00:18.4:   bridge window [mem 0xe6700000-0xe67fffff 64bit pref]
2026-02-27T17:27:17.446587+00:00 srv-web-01 kernel: pci 0000:00:18.4: PME# supported from D0 D3hot D3cold
2026-02-27T17:27:17.446588+00:00 srv-web-01 kernel: pci 0000:00:18.5: [15ad:07a0] type 01 class 0x060400 PCIe Root Port
2026-02-27T17:27:17.446589+00:00 srv-web-01 kernel: pci 0000:00:18.5: PCI bridge to [bus 20]
2026-02-27T17:27:17.446590+00:00 srv-web-01 kernel: pci 0000:00:18.5:   bridge window [mem 0xfbd00000-0xfbdfffff]
2026-02-27T17:27:17.446590+00:00 srv-web-01 kernel: pci 0000:00:18.5:   bridge window [mem 0xe6300000-0xe63fffff 64bit pref]
2026-02-27T17:27:17.446591+00:00 srv-web-01 kernel: pci 0000:00:18.5: PME# supported from D0 D3hot D3cold
2026-02-27T17:27:17.446592+00:00 srv-web-01 kernel: pci 0000:00:18.6: [15ad:07a0] type 01 class 0x060400 PCIe Root Port
2026-02-27T17:27:17.446593+00:00 srv-web-01 kernel: pci 0000:00:18.6: PCI bridge to [bus 21]
2026-02-27T17:27:17.446593+00:00 srv-web-01 kernel: pci 0000:00:18.6:   bridge window [mem 0xfb900000-0xfb9fffff]
2026-02-27T17:27:17.446594+00:00 srv-web-01 kernel: pci 0000:00:18.6:   bridge window [mem 0xe5f00000-0xe5ffffff 64bit pref]
2026-02-27T17:27:17.446595+00:00 srv-web-01 kernel: pci 0000:00:18.6: PME# supported from D0 D3hot D3cold
2026-02-27T17:27:17.446596+00:00 srv-web-01 kernel: pci 0000:00:18.7: [15ad:07a0] type 01 class 0x060400 PCIe Root Port
2026-02-27T17:27:17.446596+00:00 srv-web-01 kernel: pci 0000:00:18.7: PCI bridge to [bus 22]
2026-02-27T17:27:17.446597+00:00 srv-web-01 kernel: pci 0000:00:18.7:   bridge window [mem 0xfb500000-0xfb5fffff]
2026-02-27T17:27:17.446598+00:00 srv-web-01 kernel: pci 0000:00:18.7:   bridge window [mem 0xe5b00000-0xe5bfffff 64bit pref]
2026-02-27T17:27:17.446599+00:00 srv-web-01 kernel: pci 0000:00:18.7: PME# supported from D0 D3hot D3cold
2026-02-27T17:27:17.446599+00:00 srv-web-01 kernel: pci_bus 0000:01: extended config space not accessible
2026-02-27T17:27:17.446600+00:00 srv-web-01 kernel: pci 0000:00:01.0: PCI bridge to [bus 01]
2026-02-27T17:27:17.446601+00:00 srv-web-01 kernel: pci_bus 0000:02: extended config space not accessible
2026-02-27T17:27:17.446602+00:00 srv-web-01 kernel: acpiphp: Slot [32] registered
2026-02-27T17:27:17.446603+00:00 srv-web-01 kernel: acpiphp: Slot [33] registered
2026-02-27T17:27:17.446603+00:00 srv-web-01 kernel: acpiphp: Slot [34] registered
2026-02-27T17:27:17.446604+00:00 srv-web-01 kernel: acpiphp: Slot [35] registered
2026-02-27T17:27:17.446605+00:00 srv-web-01 kernel: acpiphp: Slot [36] registered
2026-02-27T17:27:17.446606+00:00 srv-web-01 kernel: acpiphp: Slot [37] registered
2026-02-27T17:27:17.446607+00:00 srv-web-01 kernel: acpiphp: Slot [38] registered
2026-02-27T17:27:17.446608+00:00 srv-web-01 kernel: acpiphp: Slot [39] registered
2026-02-27T17:27:17.446608+00:00 srv-web-01 kernel: acpiphp: Slot [40] registered
2026-02-27T17:27:17.446609+00:00 srv-web-01 kernel: acpiphp: Slot [41] registered
2026-02-27T17:27:17.446610+00:00 srv-web-01 kernel: acpiphp: Slot [42] registered
2026-02-27T17:27:17.446611+00:00 srv-web-01 kernel: acpiphp: Slot [43] registered
2026-02-27T17:27:17.446611+00:00 srv-web-01 kernel: acpiphp: Slot [44] registered
2026-02-27T17:27:17.446612+00:00 srv-web-01 kernel: acpiphp: Slot [45] registered
2026-02-27T17:27:17.446613+00:00 srv-web-01 kernel: acpiphp: Slot [46] registered
2026-02-27T17:27:17.446614+00:00 srv-web-01 kernel: acpiphp: Slot [47] registered
2026-02-27T17:27:17.446615+00:00 srv-web-01 kernel: acpiphp: Slot [48] registered
2026-02-27T17:27:17.446615+00:00 srv-web-01 kernel: acpiphp: Slot [49] registered
2026-02-27T17:27:17.446616+00:00 srv-web-01 kernel: acpiphp: Slot [50] registered
2026-02-27T17:27:17.446617+00:00 srv-web-01 kernel: acpiphp: Slot [51] registered
2026-02-27T17:27:17.446618+00:00 srv-web-01 kernel: acpiphp: Slot [52] registered
2026-02-27T17:27:17.446619+00:00 srv-web-01 kernel: acpiphp: Slot [53] registered
2026-02-27T17:27:17.446619+00:00 srv-web-01 kernel: acpiphp: Slot [54] registered
2026-02-27T17:27:17.446620+00:00 srv-web-01 kernel: acpiphp: Slot [55] registered
2026-02-27T17:27:17.446621+00:00 srv-web-01 kernel: acpiphp: Slot [56] registered
2026-02-27T17:27:17.446622+00:00 srv-web-01 kernel: acpiphp: Slot [57] registered
2026-02-27T17:27:17.446623+00:00 srv-web-01 kernel: acpiphp: Slot [58] registered
2026-02-27T17:27:17.446623+00:00 srv-web-01 kernel: acpiphp: Slot [59] registered
2026-02-27T17:27:17.446624+00:00 srv-web-01 kernel: acpiphp: Slot [60] registered
2026-02-27T17:27:17.446625+00:00 srv-web-01 kernel: acpiphp: Slot [61] registered
2026-02-27T17:27:17.446626+00:00 srv-web-01 kernel: acpiphp: Slot [62] registered
2026-02-27T17:27:17.446626+00:00 srv-web-01 kernel: acpiphp: Slot [63] registered
2026-02-27T17:27:17.446627+00:00 srv-web-01 kernel: pci 0000:02:00.0: [15ad:0774] type 00 class 0x0c0300 conventional PCI endpoint
2026-02-27T17:27:17.446628+00:00 srv-web-01 kernel: pci 0000:02:00.0: BAR 4 [io  0x2080-0x209f]
2026-02-27T17:27:17.446629+00:00 srv-web-01 kernel: pci 0000:02:01.0: [8086:100f] type 00 class 0x020000 conventional PCI endpoint
2026-02-27T17:27:17.446630+00:00 srv-web-01 kernel: pci 0000:02:01.0: BAR 0 [mem 0xfd5c0000-0xfd5dffff 64bit]
2026-02-27T17:27:17.446630+00:00 srv-web-01 kernel: pci 0000:02:01.0: BAR 2 [mem 0xfdff0000-0xfdffffff 64bit]
2026-02-27T17:27:17.446631+00:00 srv-web-01 kernel: pci 0000:02:01.0: BAR 4 [io  0x2000-0x203f]
2026-02-27T17:27:17.446632+00:00 srv-web-01 kernel: pci 0000:02:01.0: ROM [mem 0x00000000-0x0000ffff pref]
2026-02-27T17:27:17.446633+00:00 srv-web-01 kernel: pci 0000:02:01.0: PME# supported from D0 D3hot D3cold
2026-02-27T17:27:17.446634+00:00 srv-web-01 kernel: pci 0000:02:02.0: [1274:1371] type 00 class 0x040100 conventional PCI endpoint
2026-02-27T17:27:17.446635+00:00 srv-web-01 kernel: pci 0000:02:02.0: BAR 0 [io  0x2040-0x207f]
2026-02-27T17:27:17.446635+00:00 srv-web-01 kernel: pci 0000:02:03.0: [15ad:0770] type 00 class 0x0c0320 conventional PCI endpoint
2026-02-27T17:27:17.446636+00:00 srv-web-01 kernel: pci 0000:02:03.0: BAR 0 [mem 0xfd5ef000-0xfd5effff]
2026-02-27T17:27:17.446637+00:00 srv-web-01 kernel: pci 0000:02:04.0: [15ad:07e0] type 00 class 0x010601 conventional PCI endpoint
2026-02-27T17:27:17.446638+00:00 srv-web-01 kernel: pci 0000:02:04.0: BAR 5 [mem 0xfd5ee000-0xfd5eefff]
2026-02-27T17:27:17.446639+00:00 srv-web-01 kernel: pci 0000:02:04.0: ROM [mem 0x00000000-0x0000ffff pref]
2026-02-27T17:27:17.446639+00:00 srv-web-01 kernel: pci 0000:02:04.0: PME# supported from D3hot
2026-02-27T17:27:17.446640+00:00 srv-web-01 kernel: pci 0000:00:11.0: PCI bridge to [bus 02] (subtractive decode)
2026-02-27T17:27:17.446641+00:00 srv-web-01 kernel: pci 0000:00:11.0:   bridge window [mem 0x000a0000-0x000bffff window] (subtractive decode)
2026-02-27T17:27:17.446642+00:00 srv-web-01 kernel: pci 0000:00:11.0:   bridge window [mem 0x000d0000-0x000dbfff window] (subtractive decode)
2026-02-27T17:27:17.446643+00:00 srv-web-01 kernel: pci 0000:00:11.0:   bridge window [mem 0xc0000000-0xfebfffff window] (subtractive decode)
2026-02-27T17:27:17.446644+00:00 srv-web-01 kernel: pci 0000:00:11.0:   bridge window [io  0x0000-0x0cf7 window] (subtractive decode)
2026-02-27T17:27:17.446644+00:00 srv-web-01 kernel: pci 0000:00:11.0:   bridge window [io  0x0d00-0xfeff window] (subtractive decode)
2026-02-27T17:27:17.446645+00:00 srv-web-01 kernel: pci 0000:00:15.0: PCI bridge to [bus 03]
2026-02-27T17:27:17.446646+00:00 srv-web-01 kernel: pci 0000:00:15.1: PCI bridge to [bus 04]
2026-02-27T17:27:17.446647+00:00 srv-web-01 kernel: pci 0000:00:15.2: PCI bridge to [bus 05]
2026-02-27T17:27:17.446648+00:00 srv-web-01 kernel: pci 0000:00:15.3: PCI bridge to [bus 06]
2026-02-27T17:27:17.446649+00:00 srv-web-01 kernel: pci 0000:00:15.4: PCI bridge to [bus 07]
2026-02-27T17:27:17.446649+00:00 srv-web-01 kernel: pci 0000:00:15.5: PCI bridge to [bus 08]
2026-02-27T17:27:17.446650+00:00 srv-web-01 kernel: pci 0000:00:15.6: PCI bridge to [bus 09]
2026-02-27T17:27:17.446651+00:00 srv-web-01 kernel: pci 0000:00:15.7: PCI bridge to [bus 0a]
2026-02-27T17:27:17.446652+00:00 srv-web-01 kernel: pci 0000:00:16.0: PCI bridge to [bus 0b]
2026-02-27T17:27:17.446653+00:00 srv-web-01 kernel: pci 0000:00:16.1: PCI bridge to [bus 0c]
2026-02-27T17:27:17.446653+00:00 srv-web-01 kernel: pci 0000:00:16.2: PCI bridge to [bus 0d]
2026-02-27T17:27:17.446654+00:00 srv-web-01 kernel: pci 0000:00:16.3: PCI bridge to [bus 0e]
2026-02-27T17:27:17.446655+00:00 srv-web-01 kernel: pci 0000:00:16.4: PCI bridge to [bus 0f]
2026-02-27T17:27:17.446738+00:00 srv-web-01 kernel: pci 0000:00:16.5: PCI bridge to [bus 10]
2026-02-27T17:27:17.446739+00:00 srv-web-01 kernel: pci 0000:00:16.6: PCI bridge to [bus 11]
2026-02-27T17:27:17.446740+00:00 srv-web-01 kernel: pci 0000:00:16.7: PCI bridge to [bus 12]
2026-02-27T17:27:17.446741+00:00 srv-web-01 kernel: pci 0000:00:17.0: PCI bridge to [bus 13]
2026-02-27T17:27:17.446742+00:00 srv-web-01 kernel: pci 0000:00:17.1: PCI bridge to [bus 14]
2026-02-27T17:27:17.446743+00:00 srv-web-01 kernel: pci 0000:00:17.2: PCI bridge to [bus 15]
2026-02-27T17:27:17.446743+00:00 srv-web-01 kernel: pci 0000:00:17.3: PCI bridge to [bus 16]
2026-02-27T17:27:17.446744+00:00 srv-web-01 kernel: pci 0000:00:17.4: PCI bridge to [bus 17]
2026-02-27T17:27:17.446745+00:00 srv-web-01 kernel: pci 0000:00:17.5: PCI bridge to [bus 18]
2026-02-27T17:27:17.446746+00:00 srv-web-01 kernel: pci 0000:00:17.6: PCI bridge to [bus 19]
2026-02-27T17:27:17.446746+00:00 srv-web-01 kernel: pci 0000:00:17.7: PCI bridge to [bus 1a]
2026-02-27T17:27:17.446747+00:00 srv-web-01 kernel: pci 0000:00:18.0: PCI bridge to [bus 1b]
2026-02-27T17:27:17.446748+00:00 srv-web-01 kernel: pci 0000:00:18.1: PCI bridge to [bus 1c]
2026-02-27T17:27:17.446749+00:00 srv-web-01 kernel: pci 0000:00:18.2: PCI bridge to [bus 1d]
2026-02-27T17:27:17.446750+00:00 srv-web-01 kernel: pci 0000:00:18.3: PCI bridge to [bus 1e]
2026-02-27T17:27:17.446751+00:00 srv-web-01 kernel: pci 0000:00:18.4: PCI bridge to [bus 1f]
2026-02-27T17:27:17.446752+00:00 srv-web-01 kernel: pci 0000:00:18.5: PCI bridge to [bus 20]
2026-02-27T17:27:17.446752+00:00 srv-web-01 kernel: pci 0000:00:18.6: PCI bridge to [bus 21]
2026-02-27T17:27:17.446753+00:00 srv-web-01 kernel: pci 0000:00:18.7: PCI bridge to [bus 22]
2026-02-27T17:27:17.446754+00:00 srv-web-01 kernel: ACPI: PCI: Interrupt link LNKA configured for IRQ 9
2026-02-27T17:27:17.446755+00:00 srv-web-01 kernel: ACPI: PCI: Interrupt link LNKB configured for IRQ 11
2026-02-27T17:27:17.446755+00:00 srv-web-01 kernel: ACPI: PCI: Interrupt link LNKC configured for IRQ 10
2026-02-27T17:27:17.446756+00:00 srv-web-01 kernel: ACPI: PCI: Interrupt link LNKD configured for IRQ 7
2026-02-27T17:27:17.446757+00:00 srv-web-01 kernel: iommu: Default domain type: Translated
2026-02-27T17:27:17.446758+00:00 srv-web-01 kernel: iommu: DMA domain TLB invalidation policy: lazy mode
2026-02-27T17:27:17.446759+00:00 srv-web-01 kernel: SCSI subsystem initialized
2026-02-27T17:27:17.446759+00:00 srv-web-01 kernel: libata version 3.00 loaded.
2026-02-27T17:27:17.446760+00:00 srv-web-01 kernel: ACPI: bus type USB registered
2026-02-27T17:27:17.446761+00:00 srv-web-01 kernel: usbcore: registered new interface driver usbfs
2026-02-27T17:27:17.446762+00:00 srv-web-01 kernel: usbcore: registered new interface driver hub
2026-02-27T17:27:17.446762+00:00 srv-web-01 kernel: usbcore: registered new device driver usb
2026-02-27T17:27:17.446763+00:00 srv-web-01 kernel: pps_core: LinuxPPS API ver. 1 registered
2026-02-27T17:27:17.446764+00:00 srv-web-01 kernel: pps_core: Software ver. 5.3.6 - Copyright 2005-2007 Rodolfo Giometti <giometti@linux.it>
2026-02-27T17:27:17.446765+00:00 srv-web-01 kernel: PTP clock support registered
2026-02-27T17:27:17.446766+00:00 srv-web-01 kernel: EDAC MC: Ver: 3.0.0
2026-02-27T17:27:17.446766+00:00 srv-web-01 kernel: NetLabel: Initializing
2026-02-27T17:27:17.446767+00:00 srv-web-01 kernel: NetLabel:  domain hash size = 128
2026-02-27T17:27:17.446768+00:00 srv-web-01 kernel: NetLabel:  protocols = UNLABELED CIPSOv4 CALIPSO
2026-02-27T17:27:17.446769+00:00 srv-web-01 kernel: NetLabel:  unlabeled traffic allowed by default
2026-02-27T17:27:17.446769+00:00 srv-web-01 kernel: mctp: management component transport protocol core
2026-02-27T17:27:17.446770+00:00 srv-web-01 kernel: NET: Registered PF_MCTP protocol family
2026-02-27T17:27:17.446771+00:00 srv-web-01 kernel: PCI: Using ACPI for IRQ routing
2026-02-27T17:27:17.446772+00:00 srv-web-01 kernel: PCI: pci_cache_line_size set to 64 bytes
2026-02-27T17:27:17.446773+00:00 srv-web-01 kernel: e820: reserve RAM buffer [mem 0x0009e800-0x0009ffff]
2026-02-27T17:27:17.446773+00:00 srv-web-01 kernel: e820: reserve RAM buffer [mem 0xbfed0000-0xbfffffff]
2026-02-27T17:27:17.446774+00:00 srv-web-01 kernel: pci 0000:00:0f.0: vgaarb: setting as boot VGA device
2026-02-27T17:27:17.446775+00:00 srv-web-01 kernel: pci 0000:00:0f.0: vgaarb: bridge control possible
2026-02-27T17:27:17.446776+00:00 srv-web-01 kernel: pci 0000:00:0f.0: vgaarb: VGA device added: decodes=io+mem,owns=io+mem,locks=none
2026-02-27T17:27:17.446777+00:00 srv-web-01 kernel: vgaarb: loaded
2026-02-27T17:27:17.446777+00:00 srv-web-01 kernel: hpet0: at MMIO 0xfed00000, IRQs 2, 8, 0, 0, 0, 0, 0, 0, 0, 0, 0, 0, 0, 0, 0, 0
2026-02-27T17:27:17.446778+00:00 srv-web-01 kernel: hpet0: 16 comparators, 64-bit 14.318180 MHz counter
2026-02-27T17:27:17.446779+00:00 srv-web-01 kernel: clocksource: Switched to clocksource tsc-early
2026-02-27T17:27:17.446780+00:00 srv-web-01 kernel: VFS: Disk quotas dquot_6.6.0
2026-02-27T17:27:17.446780+00:00 srv-web-01 kernel: VFS: Dquot-cache hash table entries: 512 (order 0, 4096 bytes)
2026-02-27T17:27:17.446781+00:00 srv-web-01 kernel: AppArmor: AppArmor Filesystem Enabled
2026-02-27T17:27:17.446782+00:00 srv-web-01 kernel: pnp: PnP ACPI init
2026-02-27T17:27:17.446783+00:00 srv-web-01 kernel: system 00:00: [io  0x1000-0x103f] has been reserved
2026-02-27T17:27:17.446783+00:00 srv-web-01 kernel: system 00:00: [io  0x1040-0x104f] has been reserved
2026-02-27T17:27:17.446784+00:00 srv-web-01 kernel: system 00:00: [io  0x0cf0-0x0cf1] has been reserved
2026-02-27T17:27:17.446785+00:00 srv-web-01 kernel: system 00:04: [mem 0xfed00000-0xfed003ff] has been reserved
2026-02-27T17:27:17.446786+00:00 srv-web-01 kernel: system 00:06: [io  0xfce0-0xfcff] has been reserved
2026-02-27T17:27:17.446787+00:00 srv-web-01 kernel: system 00:06: [mem 0xf0000000-0xf7ffffff] has been reserved
2026-02-27T17:27:17.446787+00:00 srv-web-01 kernel: system 00:06: [mem 0xfe800000-0xfe9fffff] has been reserved
2026-02-27T17:27:17.446788+00:00 srv-web-01 kernel: pnp: PnP ACPI: found 7 devices
2026-02-27T17:27:17.446789+00:00 srv-web-01 kernel: clocksource: acpi_pm: mask: 0xffffff max_cycles: 0xffffff, max_idle_ns: 2085701024 ns
2026-02-27T17:27:17.446790+00:00 srv-web-01 kernel: NET: Registered PF_INET protocol family
2026-02-27T17:27:17.446791+00:00 srv-web-01 kernel: IP idents hash table entries: 65536 (order: 7, 524288 bytes, linear)
2026-02-27T17:27:17.446792+00:00 srv-web-01 kernel: tcp_listen_portaddr_hash hash table entries: 2048 (order: 3, 32768 bytes, linear)
2026-02-27T17:27:17.446793+00:00 srv-web-01 kernel: Table-perturb hash table entries: 65536 (order: 6, 262144 bytes, linear)
2026-02-27T17:27:17.446793+00:00 srv-web-01 kernel: TCP established hash table entries: 32768 (order: 6, 262144 bytes, linear)
2026-02-27T17:27:17.446794+00:00 srv-web-01 kernel: TCP bind hash table entries: 32768 (order: 8, 1048576 bytes, linear)
2026-02-27T17:27:17.446795+00:00 srv-web-01 kernel: TCP: Hash tables configured (established 32768 bind 32768)
2026-02-27T17:27:17.446796+00:00 srv-web-01 kernel: MPTCP token hash table entries: 4096 (order: 4, 98304 bytes, linear)
2026-02-27T17:27:17.446797+00:00 srv-web-01 kernel: UDP hash table entries: 2048 (order: 4, 65536 bytes, linear)
2026-02-27T17:27:17.446798+00:00 srv-web-01 kernel: UDP-Lite hash table entries: 2048 (order: 4, 65536 bytes, linear)
2026-02-27T17:27:17.446798+00:00 srv-web-01 kernel: NET: Registered PF_UNIX/PF_LOCAL protocol family
2026-02-27T17:27:17.446816+00:00 srv-web-01 kernel: NET: Registered PF_XDP protocol family
2026-02-27T17:27:17.446817+00:00 srv-web-01 kernel: pci 0000:00:15.3: bridge window [io  0x1000-0x0fff] to [bus 06] add_size 1000
2026-02-27T17:27:17.446818+00:00 srv-web-01 kernel: pci 0000:00:15.4: bridge window [io  0x1000-0x0fff] to [bus 07] add_size 1000
2026-02-27T17:27:17.446819+00:00 srv-web-01 kernel: pci 0000:00:15.5: bridge window [io  0x1000-0x0fff] to [bus 08] add_size 1000
2026-02-27T17:27:17.446819+00:00 srv-web-01 kernel: pci 0000:00:15.6: bridge window [io  0x1000-0x0fff] to [bus 09] add_size 1000
2026-02-27T17:27:17.446820+00:00 srv-web-01 kernel: pci 0000:00:15.7: bridge window [io  0x1000-0x0fff] to [bus 0a] add_size 1000
2026-02-27T17:27:17.439956+00:00 srv-web-01 systemd[1]: Started rsyslog.service - System Logging Service.
2026-02-27T17:27:17.440116+00:00 srv-web-01 rsyslogd: rsyslogd's groupid changed to 104
2026-02-27T17:27:17.440214+00:00 srv-web-01 rsyslogd: rsyslogd's userid changed to 105
2026-02-27T17:27:17.440300+00:00 srv-web-01 rsyslogd: [origin software="rsyslogd" swVersion="8.2312.0" x-pid="16737" x-info="https://www.rsyslog.com"] start
2026-02-27T17:27:17.447493+00:00 srv-web-01 kernel: pci 0000:00:16.3: bridge window [io  0x1000-0x0fff] to [bus 0e] add_size 1000
2026-02-27T17:27:17.447886+00:00 srv-web-01 kernel: pci 0000:00:16.4: bridge window [io  0x1000-0x0fff] to [bus 0f] add_size 1000
2026-02-27T17:27:17.447888+00:00 srv-web-01 kernel: pci 0000:00:16.5: bridge window [io  0x1000-0x0fff] to [bus 10] add_size 1000
2026-02-27T17:27:17.447888+00:00 srv-web-01 kernel: pci 0000:00:16.6: bridge window [io  0x1000-0x0fff] to [bus 11] add_size 1000
2026-02-27T17:27:17.447889+00:00 srv-web-01 kernel: pci 0000:00:16.7: bridge window [io  0x1000-0x0fff] to [bus 12] add_size 1000
2026-02-27T17:27:17.447889+00:00 srv-web-01 kernel: pci 0000:00:17.3: bridge window [io  0x1000-0x0fff] to [bus 16] add_size 1000
2026-02-27T17:27:17.447890+00:00 srv-web-01 kernel: pci 0000:00:17.4: bridge window [io  0x1000-0x0fff] to [bus 17] add_size 1000
2026-02-27T17:27:17.447890+00:00 srv-web-01 kernel: pci 0000:00:17.5: bridge window [io  0x1000-0x0fff] to [bus 18] add_size 1000
2026-02-27T17:27:17.447890+00:00 srv-web-01 kernel: pci 0000:00:17.6: bridge window [io  0x1000-0x0fff] to [bus 19] add_size 1000
2026-02-27T17:27:17.447891+00:00 srv-web-01 kernel: pci 0000:00:17.7: bridge window [io  0x1000-0x0fff] to [bus 1a] add_size 1000
2026-02-27T17:27:17.447891+00:00 srv-web-01 kernel: pci 0000:00:18.2: bridge window [io  0x1000-0x0fff] to [bus 1d] add_size 1000
2026-02-27T17:27:17.447892+00:00 srv-web-01 kernel: pci 0000:00:18.3: bridge window [io  0x1000-0x0fff] to [bus 1e] add_size 1000
2026-02-27T17:27:17.447892+00:00 srv-web-01 kernel: pci 0000:00:18.4: bridge window [io  0x1000-0x0fff] to [bus 1f] add_size 1000
2026-02-27T17:27:17.447892+00:00 srv-web-01 kernel: pci 0000:00:18.5: bridge window [io  0x1000-0x0fff] to [bus 20] add_size 1000
2026-02-27T17:27:17.447893+00:00 srv-web-01 kernel: pci 0000:00:18.6: bridge window [io  0x1000-0x0fff] to [bus 21] add_size 1000
2026-02-27T17:27:17.447893+00:00 srv-web-01 kernel: pci 0000:00:18.7: bridge window [io  0x1000-0x0fff] to [bus 22] add_size 1000
2026-02-27T17:27:17.447894+00:00 srv-web-01 kernel: pci 0000:00:10.0: ROM [mem 0xc0000000-0xc0003fff pref]: assigned
2026-02-27T17:27:17.447894+00:00 srv-web-01 kernel: pci 0000:00:15.3: bridge window [io  size 0x1000]: can't assign; no space
2026-02-27T17:27:17.447894+00:00 srv-web-01 kernel: pci 0000:00:15.3: bridge window [io  size 0x1000]: failed to assign
2026-02-27T17:27:17.447895+00:00 srv-web-01 kernel: pci 0000:00:15.4: bridge window [io  size 0x1000]: can't assign; no space
2026-02-27T17:27:17.447895+00:00 srv-web-01 kernel: pci 0000:00:15.4: bridge window [io  size 0x1000]: failed to assign
2026-02-27T17:27:17.447895+00:00 srv-web-01 kernel: pci 0000:00:15.5: bridge window [io  size 0x1000]: can't assign; no space
2026-02-27T17:27:17.447896+00:00 srv-web-01 kernel: pci 0000:00:15.5: bridge window [io  size 0x1000]: failed to assign
2026-02-27T17:27:17.447896+00:00 srv-web-01 kernel: pci 0000:00:15.6: bridge window [io  size 0x1000]: can't assign; no space
2026-02-27T17:27:17.447896+00:00 srv-web-01 kernel: pci 0000:00:15.6: bridge window [io  size 0x1000]: failed to assign
2026-02-27T17:27:17.447897+00:00 srv-web-01 kernel: pci 0000:00:15.7: bridge window [io  size 0x1000]: can't assign; no space
2026-02-27T17:27:17.447897+00:00 srv-web-01 kernel: pci 0000:00:15.7: bridge window [io  size 0x1000]: failed to assign
2026-02-27T17:27:17.447934+00:00 srv-web-01 kernel: pci 0000:00:16.3: bridge window [io  size 0x1000]: can't assign; no space
2026-02-27T17:27:17.447934+00:00 srv-web-01 kernel: pci 0000:00:16.3: bridge window [io  size 0x1000]: failed to assign
2026-02-27T17:27:17.447935+00:00 srv-web-01 kernel: pci 0000:00:16.4: bridge window [io  size 0x1000]: can't assign; no space
2026-02-27T17:27:17.447935+00:00 srv-web-01 kernel: pci 0000:00:16.4: bridge window [io  size 0x1000]: failed to assign
2026-02-27T17:27:17.447935+00:00 srv-web-01 kernel: pci 0000:00:16.5: bridge window [io  size 0x1000]: can't assign; no space
2026-02-27T17:27:17.447936+00:00 srv-web-01 kernel: pci 0000:00:16.5: bridge window [io  size 0x1000]: failed to assign
2026-02-27T17:27:17.447936+00:00 srv-web-01 kernel: pci 0000:00:16.6: bridge window [io  size 0x1000]: can't assign; no space
2026-02-27T17:27:17.447936+00:00 srv-web-01 kernel: pci 0000:00:16.6: bridge window [io  size 0x1000]: failed to assign
2026-02-27T17:27:17.447937+00:00 srv-web-01 kernel: pci 0000:00:16.7: bridge window [io  size 0x1000]: can't assign; no space
2026-02-27T17:27:17.447937+00:00 srv-web-01 kernel: pci 0000:00:16.7: bridge window [io  size 0x1000]: failed to assign
2026-02-27T17:27:17.447937+00:00 srv-web-01 kernel: pci 0000:00:17.3: bridge window [io  size 0x1000]: can't assign; no space
2026-02-27T17:27:17.447938+00:00 srv-web-01 kernel: pci 0000:00:17.3: bridge window [io  size 0x1000]: failed to assign
2026-02-27T17:27:17.447938+00:00 srv-web-01 kernel: pci 0000:00:17.4: bridge window [io  size 0x1000]: can't assign; no space
2026-02-27T17:27:17.447939+00:00 srv-web-01 kernel: pci 0000:00:17.4: bridge window [io  size 0x1000]: failed to assign
2026-02-27T17:27:17.447939+00:00 srv-web-01 kernel: pci 0000:00:17.5: bridge window [io  size 0x1000]: can't assign; no space
2026-02-27T17:27:17.447939+00:00 srv-web-01 kernel: pci 0000:00:17.5: bridge window [io  size 0x1000]: failed to assign
2026-02-27T17:27:17.447940+00:00 srv-web-01 kernel: pci 0000:00:17.6: bridge window [io  size 0x1000]: can't assign; no space
2026-02-27T17:27:17.447940+00:00 srv-web-01 kernel: pci 0000:00:17.6: bridge window [io  size 0x1000]: failed to assign
2026-02-27T17:27:17.447940+00:00 srv-web-01 kernel: pci 0000:00:17.7: bridge window [io  size 0x1000]: can't assign; no space
2026-02-27T17:27:17.447941+00:00 srv-web-01 kernel: pci 0000:00:17.7: bridge window [io  size 0x1000]: failed to assign
2026-02-27T17:27:17.447941+00:00 srv-web-01 kernel: pci 0000:00:18.2: bridge window [io  size 0x1000]: can't assign; no space
2026-02-27T17:27:17.447941+00:00 srv-web-01 kernel: pci 0000:00:18.2: bridge window [io  size 0x1000]: failed to assign
2026-02-27T17:27:17.447942+00:00 srv-web-01 kernel: pci 0000:00:18.3: bridge window [io  size 0x1000]: can't assign; no space
2026-02-27T17:27:17.447942+00:00 srv-web-01 kernel: pci 0000:00:18.3: bridge window [io  size 0x1000]: failed to assign
2026-02-27T17:27:17.447942+00:00 srv-web-01 kernel: pci 0000:00:18.4: bridge window [io  size 0x1000]: can't assign; no space
2026-02-27T17:27:17.447943+00:00 srv-web-01 kernel: pci 0000:00:18.4: bridge window [io  size 0x1000]: failed to assign
2026-02-27T17:27:17.447943+00:00 srv-web-01 kernel: pci 0000:00:18.5: bridge window [io  size 0x1000]: can't assign; no space
2026-02-27T17:27:17.447943+00:00 srv-web-01 kernel: pci 0000:00:18.5: bridge window [io  size 0x1000]: failed to assign
2026-02-27T17:27:17.447944+00:00 srv-web-01 kernel: pci 0000:00:18.6: bridge window [io  size 0x1000]: can't assign; no space
